m
[0;32mI (215) apï¿½ets Jul 29 2019 12:21:46

rst:0x1 (POWERON_RESET),boot:0x13 (SPI_FAST_FLASH_BOOT)
configsip: 0, SPIWP:0xee
clk_drv:0x00,q_drv:0x00,d_drv:0x00,cs0_drv:0x00,hd_drv:0x00,wp_drv:0x00
mode:DIO, clock div:2
load:0x3fff0030,len:7176
load:0x40078000,len:15564
ho 0 tail 12 room 4
load:0x40080400,len:4
load:0x40080404,len:3904
entry 0x40080640
[0;32mI (31) boot: ESP-IDF v5.3.2 2nd stage bootloader[0m
[0;32mI (31) boot: compile time Jul 14 2025 13:57:44[0m
[0;32mI (31) boot: Multicore bootloader[0m
[0;32mI (35) boot: chip revision: v3.1[0m
[0;32mI (39) boot.esp32: SPI Speed      : 40MHz[0m
[0;32mI (44) boot.esp32: SPI Mode       : DIO[0m
[0;32mI (48) boot.esp32: SPI Flash Size : 2MB[0m
[0;32mI (53) boot: Enabling RNG early entropy source...[0m
[0;32mI (58) boot: Partition Table:[0m
[0;32mI (62) boot: ## Label            Usage          Type ST Offset   Length[0m
[0;32mI (69) boot:  0 nvs              WiFi data        01 02 00009000 00006000[0m
[0;32mI (77) boot:  1 phy_init         RF data          01 01 0000f000 00001000[0m
[0;32mI (84) boot:  2 factory          factory app      00 00 00010000 00100000[0m
[0;32mI (92) boot: End of partition table[0m
[0;32mI (96) esp_image: segment 0: paddr=00010020 vaddr=3f400020 size=0af70h ( 44912) map[0m
[0;32mI (120) esp_image: segment 1: paddr=0001af98 vaddr=3ffb0000 size=02394h (  9108) load[0m
[0;32mI (123) esp_image: segment 2: paddr=0001d334 vaddr=40080000 size=02ce4h ( 11492) load[0m
[0;32mI (130) esp_image: segment 3: paddr=00020020 vaddr=400d0020 size=18da4h (101796) map[0m
[0;32mI (169) esp_image: segment 4: paddr=00038dcc vaddr=40082ce4 size=0b3a8h ( 45992) load[0m
[0;32mI (194) boot: Loaded app from partition at offset 0x10000[0m
[0;32mI (194) boot: Disabling RNG early entropy source...[0m
[0;32mI (207) cpu_start: Multicore app[0m
[0;32mI (215) cpu_start: Pro cpu start user code[0m
[0;32mI (215) cpu_start: cpu freq: 160000000 Hz[0m
[0;32mI (215) app_init: Application information:[0m
[0;32mI (218) app_init: Project name:     fmon2[0m
[0;32mI (223) app_init: App version:      fd99b97-dirty[0m
[0;32mI (228) app_init: Compile time:     Jul 14 2025 13:57:41[0m
[0;32mI (234) app_init: ELF file SHA256:  e218c4f5e...[0m
[0;32mI (239) app_init: ESP-IDF:          v5.3.2[0m
[0;32mI (244) efuse_init: Min chip rev:     v0.0[0m
[0;32mI (249) efuse_init: Max chip rev:     v3.99 [0m
[0;32mI (254) efuse_init: Chip rev:         v3.1[0m
[0;32mI (259) heap_init: Initializing. RAM available for dynamic allocation:[0m
[0;32mI (266) heap_init: At 3FFAE6E0 len 00001920 (6 KiB): DRAM[0m
[0;32mI (272) heap_init: At 3FFB4DE8 len 0002B218 (172 KiB): DRAM[0m
[0;32mI (278) heap_init: At 3FFE0440 len 00003AE0 (14 KiB): D/IRAM[0m
[0;32mI (284) heap_init: At 3FFE4350 len 0001BCB0 (111 KiB): D/IRAM[0m
[0;32mI (291) heap_init: At 4008E08C len 00011F74 (71 KiB): IRAM[0m
[0;32mI (299) spi_flash: detected chip: generic[0m
[0;32mI (302) spi_flash: flash io: dio[0m
[0;33mW (306) spi_flash: Detected size(4096k) larger than the size in the binary image header(2048k). Using the size in the binary image header.[0m
[0;33mW (319) i2c: This driver is an old driver, please migrate your application code to adapt `driver/i2c_master.h`[0m
[0;32mI (330) main_task: Started on CPU0[0m
[0;32mI (340) main_task: Calling app_main()[0m
[0;32mI (340) CAPTURE_IMAGE: Initializing thermal camera...[0m
[0;32mI (520) CAPTURE_IMAGE: Thermal camera initialized successfully.[0m
[0;32mI (520) CAPTURE_IMAGE: Camera frequency set to: 1[0m
[0;32mI (520) CAPTURE_IMAGE: Camera mode set to: Chess[0m
[0;32mI (1490) FMON2_MAIN: BMP image successfully created (1846 bytes).[0m
[0;32mI (1490) FMON2_MAIN: --- New Thermal Frame Captured ---[0m
  0   0   2   0   0   0   1   0   0   0   1   0   0   0   2   0   0   0   0   0   0   0   2   1   0   0   3   0   0   0   0   0 
  0   0   1   0   0   0   0   0   0   0   1   0   0   0   0   0   0   0   0   0   0   0   1   2   1   0   2   2   0   0   0   0 
  0   0   1   0   0   0   1   0   0   0   1   0   0   0   2   0   0   0   1   0   0   0   2   1   0   0   2   0   0   0   0   0 
  0   0   0   0   0   0   0   0   0   0   0   1   0   0   1   0   0   0   1   1   0   0   1   2   1   1   2   1   1   0   0   0 
  0   0   1   0   0   0   1   0   0   0   1   0   0   0   1   0   0   0   2   0   0   0   3   0   0   0   2   1   0   0   1   0 
  1   0   0   0   1   0   1   1   0   0   1   0   0   0   1   1   0   0   1   1   0   0   2   1   0   1   1   2   1   0   1   1 
  0   0   2   0   0   0   1   0   0   0   1   0   0   0   1   0   0   0   1   0   0   0   2   0   0   0   3   1   0   0   2   1 
  1   1   1   1   0   0   0   0   0   0   1   0   0   0   1   0   0   0   0   0   0   0   1   1   1   0   2   2   1   1   2   1 
  0   0   2   0   0   0   1   0   0   0   1   0   0   0   2   0   0   0   2   1   0   0   2   1   0   0   2   1   0   0   2   0 
  2   0   2   1   0   0   0   0   1   1   1   0   0   0   1   0   0   0   1   0   0   0   1   1   2   1   2   2   1   1   1   2 
  0   0   2   0   0   0   1   0   0   0   1   0   0   0   1   0   0   0   0   0   0   0   2   1   0   0   2   1   0   0   2   1 
  1   0   2   1   0   0   1   0   0   0   0   0   0   0   1   1   0   0   0   0   0   0   1   1   2   1   2   1   1   1   1   2 
  0   0   2   0   0   0   0   0   0   0   1   0   0   0   1   0   0   0   1   0   0   0   2   1   0   0   2   1   0   0   1   1 
  2   0   1   1   0   0   0   0   0   0   1   0   0   0   1   1   1   1   1   0   1   0   1   1   1   1   2   2   2   1   1   1 
  0   0   2   0   0   0   1   0   0   0   1   0   0   0   1   0   0   0   2   0   0   0   2   1   0   0   2   0   0   0   2   0 
  2   1   2   1   0   0   0   0   0   0   0   0   0   0   1   0   2   1   0   0   1   0   1   1   2   1   1   1   1   1   1   1 
  0   0   2   0   0   0   0   0   0   0   1   0   0   0   2   0   0   0   2   0   0   0   2   1   0   0   3   2   0   0   1   1 
  2   0   2   1   0   0   0   0   0   0   0   0   0   0   1   1   1   0   1   0   0   0   1   2   1   1   2   2   1   1   1   1 
  0   0   1   0   0   0   1   0   0   0   0   0   0   0   2   0   0   0   1   0   0   0   2   0   0   0   3   1   0   0   2   0 
  1   0   2   0   1   0   1   0   0   0   0   0   0   0   1   0   1   0   0   0   0   0   1   1   2   1   1   2   1   0   1   1 
  0   0   3   0   0   0   1   0   0   0   0   0   0   0   1   0   0   0   1   0   0   0   2   0   0   0   2   0   0   0   0   0 
  2   0   2   0   2   0   1   0   0   0   0   0   0   0   0   0   0   0   0   0   0   0   1   0   1   0   0   1   0   0   0   0 
  0   0   3   0   0   0   0   0   0   0   0   0   0   0   1   0   0   0   1   0   0   0   1   0   0   0   1   0   0   0   0   0 
  2   0   2   0   1   0   0   0   0   0   0   0   0   0   0   0   0   0   0   0   0   0   0   0   0   0   0   0   0   0   0   0 
[0;32mI (4540) FMON2_MAIN: BMP image successfully created (1846 bytes).[0m
[0;32mI (4540) FMON2_MAIN: --- New Thermal Frame Captured ---[0m
  0   0   0   0   0   0   0   0   0   0   0   0   0   0   0   0   0   0   0   0   0   0   0   0   0   0   0   0   0   0   0   0 
  0   1   0   0   0   2   0   0   0   1   0   0   0   2   0   0   0   2   0   0   0   2   0   0   0   3   0   0   0   2   0   0 
  0   0   0   0   0   0   0   0   0   0   0   0   0   0   0   0   0   0   0   0   0   0   0   0   1   1   0   0   1   0   0   0 
  0   2   0   0   0   2   0   0   0   2   0   0   0   2   0   0   0   2   0   0   0   2   0   0   0   3   0   0   0   2   0   0 
  0   0   0   0   0   0   0   0   1   0   0   0   0   0   0   0   0   0   0   0   0   0   0   0   1   0   0   0   1   0   0   0 
  0   2   0   0   0   2   0   0   0   2   0   0   0   1   0   0   0   2   0   0   0   2   0   0   0   3   0   0   1   3   0   0 
  1   0   0   0   0   0   0   0   0   0   0   0   0   0   0   0   0   0   0   0   1   0   0   0   1   1   1   0   2   1   0   0 
  0   3   0   0   0   0   0   0   0   1   0   0   0   1   0   0   0   2   0   0   0   2   0   0   0   3   1   0   1   3   0   0 
  1   0   0   0   0   0   0   0   1   0   0   0   0   0   0   0   1   0   0   0   0   0   0   0   2   1   0   0   1   1   0   0 
  0   3   0   0   0   1   0   0   0   2   0   0   0   2   0   0   0   1   0   0   0   1   0   0   1   3   0   0   1   3   0   0 
  1   0   0   0   0   0   0   0   0   0   0   0   0   0   0   0   0   0   0   0   0   0   0   0   2   1   1   0   2   1   0   0 
  0   3   0   0   0   1   0   0   0   1   0   0   0   1   0   0   0   1   0   0   0   2   0   0   1   3   1   0   0   3   0   0 
  1   0   0   0   0   0   0   0   0   0   0   0   0   0   0   0   1   0   0   0   1   0   0   0   2   1   0   0   2   1   0   0 
  1   4   0   0   0   1   0   0   0   1   0   0   0   1   0   0   1   3   0   0   0   2   0   0   1   3   0   0   1   3   0   0 
  1   0   0   0   0   0   0   0   0   0   0   0   0   0   0   0   2   2   0   0   1   0   0   0   2   1   0   0   1   2   0   0 
  1   3   0   0   0   1   0   0   0   1   0   0   0   1   0   0   1   3   0   0   0   2   0   0   0   3   0   0   1   3   0   0 
  1   0   0   0   0   0   0   0   1   0   0   0   1   0   0   0   1   1   0   0   1   0   0   0   2   1   0   0   2   1   0   0 
  0   3   0   0   0   1   0   0   0   1   0   0   0   1   0   0   0   2   0   0   0   1   0   0   1   3   0   0   0   4   0   0 
  2   0   0   0   0   0   0   0   0   0   0   0   1   0   0   0   0   0   0   0   1   0   0   0   2   1   0   0   2   1   0   0 
  1   3   0   0   0   2   0   0   0   0   0   0   0   2   0   0   0   1   0   0   0   1   0   0   1   3   0   0   0   3   0   0 
  2   0   0   0   2   0   0   0   0   0   0   0   0   0   0   0   0   0   0   0   0   0   0   0   1   1   0   0   0   0   0   0 
  1   2   0   0   0   2   0   0   0   0   0   0   0   1   0   0   0   1   0   0   0   1   0   0   0   3   0   0   0   3   0   0 
  2   0   0   0   1   0   0   0   0   0   0   0   0   0   0   0   0   0   0   0   0   0   0   0   1   0   0   0   1   0   0   0 
  2   3   0   0   0   1   0   0   0   0   0   0   0   1   0   0   0   1   0   0   0   1   0   0   0   2   0   0   0   2   0   0 
[0;32mI (7600) FMON2_MAIN: BMP image successfully created (1846 bytes).[0m
[0;32mI (7600) FMON2_MAIN: --- New Thermal Frame Captured ---[0m
 18  18  20  15  19  18  20  15  15  17  18  15  16  17  18  15  16  18  19  14  10  12  10   6  11   7  12   3   9   4   3   0 
 17  18  16  19  18  18  16  18  18  16  16  17  18  16  17  17  17  17  16  18  14   7   9   6   8   7   4   8   5   3   0   2 
 18  14  20  14  18  17  20  15  17  18  19  17  17  19  19  16  17  17  19  16  15  15   8  10   3  10   5   5   2   6   3   1 
 10  19  14  20  16  19  16  19  18  17  17  18  19  17  17  18  18  17  16  18  17  16  12   6  12   5   8   4   7   3   3   2 
 12   7  19  12  18  16  20  14  18  18  20  17  19  20  20  17  18  18  20  16  18  18  18  13   7  13   7   9   3   9   3   4 
  5  10  10  18  16  18  15  19  18  19  18  20  19  20  18  20  18  18  16  19  17  19  14  17  14   8  10   6  11   3   7   4 
  4   4  13   8  17  15  19  13  19  17  21  16  20  19  21  17  19  19  20  16  19  17  20  13  17  14  12  11   6  12   6   9 
  3   5   4  14  14  17  14  18  17  19  16  20  18  20  17  20  18  20  16  20  16  19  15  18  13  18  10  14  12   7  10   5 
  3   3   8   2  16  12  18  13  18  16  20  15  20  18  21  16  20  18  20  15  18  17  19  14  17  15  19  10  15  12  13  10 
  4   3   2   8   9  16  12  17  16  18  15  20  17  20  16  20  17  20  16  19  16  18  15  17  14  18  12  17  12  16   9  15 
  3   2   6   0  12   7  18  10  18  15  20  14  20  16  21  15  19  16  20  14  18  17  19  14  13  14  15  11  16  13  18   9 
  3   3   1   5   4  14   7  18  12  18  13  20  16  20  15  20  15  20  14  20  16  18  14  18  15  10  11  10  13  14  10  16 
  3   3   5   0   5   3  18   4  18   9  19  10  18  15  20  14  19  14  20  10  18  15  19  14  18  16  12  12   6  13  10   9 
  4   4   0   3   2   5   2  17   7  17   9  17  13  18  14  19  15  19  10  19  12  18  13  19  15  18  13  13  13   7  10   7 
  3   3   4   0   3   1   8   0  16   5  18   5  17  10  20  12  18  15  19   9  18  10  20  10  17  15  19  13  16  14  10   9 
  3   3   0   3   2   2   0   5   3  15   4  17   8  17  10  18  14  17  10  18  10  19   8  18  12  17  12  17  14  17  10  11 
  3   2   5   0   2   1   3   0   4   2  15   1  17   7  19   7  18  12  14  10  18  10  20   7  17  10  19  10  18  13  17  10 
  4   3   0   3   2   1   0   2   2   3   0  11   4  17   6  19  10  15  10   9  10  15   8  18   9  18   8  19  11  17  10  17 
  3   2   4   0   2   1   3   0   2   1   4   0   9   3  18   3  18   9  11   9   5  10  14   7  18   8  19   6  16  10  18   7 
  4   3   0   1   3   2   0   2   2   1   0   2   2   6   2  15   7  16   8  10  10   4   7  11   7  17   6  17   8  15   6  15 
  3   1   5   0   3   2   3   0   2   1   3   0   3   2   7   0  14   6  18   4   9  10   5   6   9   7  16   3  16   7  15   3 
  4   2   0   2   3   2   0   2   1   1   0   0   2   2   0   5   3  14   4  17   8   8   6   3   6   7   2  14   5  15   2  14 
  4   1   5   0   3   1   3   0   1   1   2   0   2   2   4   0   5   2  16   2  15   7  10   5   4   5   5   0  11   4  14   0 
  5   3   1   2   3   1   0   1   1   0   0   0   1   1   0   2   1   5   0  13   5  15   4  10   5   3   0   4   2   8   0  12 
[0;32mI (10650) FMON2_MAIN: BMP image successfully created (1846 bytes).[0m
[0;32mI (10660) FMON2_MAIN: --- New Thermal Frame Captured ---[0m
 19  17  17  19  20  19  18  19  20  19  19  19  20  20  19  20  20  20  18  18  20  18  18  18  19  17  17  19  15  18  10  16 
 18  19  20  14  19  20  20  15  20  20  20  16  20  20  20  16  19  20  20  16  18  20  18  15  17  19  19  14  18  16  18   8 
 16  19  16  19  20  20  18  20  20  20  19  20  20  20  20  20  20  19  20  18  20  18  19  18  20  18  17  18  19  16  13  15 
 19  15  20  11  20  19  21  16  20  20  21  16  20  20  20  17  19  20  20  17  17  20  19  16  17  20  17  15  13  18  13  10 
 13  19  11  20  15  20  17  20  20  20  19  20  20  20  19  20  21  19  20  19  20  19  19  18  20  19  17  14  19  10  16   8 
 20  13  21   9  20  15  21  14  20  20  21  16  20  20  20  18  19  21  20  18  19  20  20  16  18  19  18  15  14  18  10  13 
 12  20  11  20  15  20  14  20  20  20  18  20  20  20  19  20  21  20  20  19  20  19  19  19  19  19  17  19  19  19  16  18 
 20  12  21   9  20  14  21  11  20  19  21  15  20  20  21  17  20  20  20  17  19  20  20  16  18  20  20  15  18  19  20  14 
 11  20  10  20  13  20  13  20  18  20  17  20  20  20  19  20  20  20  19  19  20  19  18  19  20  18  18  19  19  19  16  18 
 20  11  21   9  20  12  22  10  20  18  21  15  20  19  21  16  20  20  20  16  19  20  20  16  18  19  19  15  19  19  19  14 
 10  20  10  20  13  20  12  20  15  20  17  20  20  20  18  20  19  20  18  19  20  19  18  19  19  18  18  19  19  20  17  19 
 20  10  22   8  20  12  22  10  20  15  21  15  20  19  21  15  20  19  20  15  19  19  20  15  18  19  20  15  19  19  20  15 
 10  20   9  20  12  20  11  20  14  20  14  20  19  20  17  20  19  19  17  19  19  19  17  18  19  18  17  19  20  20  18  19 
 20  10  21   5  20  12  21   9  20  13  21  10  20  17  20  15  19  19  20  15  19  19  20  15  18  18  20  14  19  19  20  15 
  8  20   7  20  10  20  10  20  13  20  11  20  15  20  15  20  18  19  16  19  19  19  17  18  17  19  15  19  18  19  16  18 
 20   8  21   4  20   8  21   7  20  12  20  10  20  14  20  12  19  18  20  14  18  18  19  14  18  16  20  11  19  17  19  14 
  8  19   5  20   8  20   6  20  10  20  10  20  13  20  12  19  15  19  16  19  19  18  17  19  17  19  11  20  13  19  12  19 
 20   7  20   1  20   7  20   3  20   9  20   7  20  13  20  10  19  14  20  13  18  18  20  14  19  16  20   9  19  13  19   9 
  7  18   3  18   7  18   4  19   8  19   6  19  10  19   9  19  12  18  12  18  16  19  16  18  17  19  13  19  12  18  10  17 
 19   5  20   0  20   5  20   1  20   5  20   2  19   9  19   6  18  11  19   9  19  15  19  13  19  17  20  10  18  12  18   7 
  6  17   3  17   7  18   2  18   6  19   3  18   7  18   5  18   9  18   7  18  11  18  11  18  17  18  15  17  15  17   9  17 
 20   5  19   0  19   4  20   0  19   4  19   0  18   6  18   1  17   7  19   3  18  10  19   8  17  15  18  12  16  15  18   7 
  6  16   2  17   5  18   2  17   5  18   1  18   5  17   2  17   6  17   4  18   7  18   6  15  11  15  12  15  15  16  12  16 
 19   4  19   0  19   3  19   0  17   3  19   0  17   4  18   0  16   4  19   0  18   6  16   2  14  10  15   9  15  15  16   9 
[0;32mI (13710) FMON2_MAIN: BMP image successfully created (1846 bytes).[0m
[0;32mI (13710) FMON2_MAIN: --- New Thermal Frame Captured ---[0m
 17  18  19  16  19  19  19  17  20  19  20  17  20  19  20  18  20  20  20  17  19  18  18  16  19  18  19  17  17  19  17  15 
 17  20  19  15  19  19  19  16  19  20  19  16  19  20  20  17  20  20  19  17  18  19  17  16  17  19  17  15  18  18  17  13 
 18  19  19  17  20  20  20  18  19  20  20  18  20  20  20  19  20  20  20  17  19  17  19  16  18  18  17  16  16  18  15  15 
 18  20  19  16  19  20  20  17  19  20  20  18  20  20  20  17  19  20  19  17  17  20  18  16  16  19  17  14  17  16  15  12 
 19  20  19  18  20  20  20  18  20  20  20  19  20  20  20  19  20  20  20  17  19  18  19  17  19  18  19  14  18   9  16   9 
 20  20  20  17  20  20  20  18  20  20  20  18  20  20  20  18  19  20  19  16  18  19  18  16  18  20  17  16  10  18   7  14 
 20  20  20  18  20  20  20  19  20  20  20  19  20  20  20  18  20  20  19  18  19  19  19  17  18  19  19  17  18  19  17  14 
 20  21  20  18  20  20  20  18  20  20  20  18  20  20  20  18  20  20  19  16  19  19  19  16  18  19  18  15  19  18  19  14 
 20  20  20  19  20  20  20  20  20  20  20  19  20  20  20  19  19  20  20  18  19  19  19  17  18  19  15  17  14  20  13  17 
 20  20  20  18  20  21  20  18  20  21  20  19  20  21  20  18  20  20  20  17  19  19  19  16  18  18  18  11  19  13  19   9 
 20  20  20  20  21  21  21  20  20  21  21  20  20  20  20  20  20  20  19  18  19  19  19  18  19  18  19  17  16  20  13  17 
 20  21  21  19  20  21  21  19  20  21  20  19  20  20  20  18  20  20  20  17  19  20  18  16  18  20  18  17  19  18  18  13 
 20  20  22  20  21  20  21  20  21  20  21  19  20  20  20  20  20  20  20  18  19  19  20  17  20  18  20  17  20  20  20  17 
 21  21  21  19  21  21  20  19  20  21  20  19  20  20  20  18  20  20  19  17  19  20  18  17  17  20  18  17  19  20  19  16 
 20  20  20  19  21  20  21  19  21  20  20  19  20  20  20  19  20  20  20  17  19  19  20  17  19  18  20  17  20  18  19  17 
 20  21  20  19  21  21  20  19  20  21  20  19  20  20  20  18  19  20  19  17  18  20  18  16  18  20  18  17  17  20  17  16 
 21  20  21  19  21  20  21  19  20  20  21  19  21  20  20  19  20  20  20  18  19  19  19  18  19  19  20  18  20  20  19  18 
 20  21  20  19  20  21  20  19  20  21  20  19  20  20  20  18  19  20  18  17  19  19  18  17  18  20  19  17  19  20  18  16 
 21  19  20  17  21  20  21  18  20  20  20  19  20  20  20  18  19  19  20  17  20  19  19  17  20  20  20  18  20  19  19  16 
 20  20  20  18  20  21  20  18  20  20  20  17  19  20  19  16  19  20  18  16  19  19  18  16  19  20  19  16  18  20  17  16 
 21  19  21  16  21  19  20  17  20  20  20  17  20  19  20  17  20  19  19  16  19  18  18  17  18  19  18  17  20  18  18  15 
 20  21  19  17  20  20  19  18  20  20  19  17  19  20  18  16  18  19  17  16  18  18  18  13  18  19  18  15  18  18  16  15 
 20  18  20  15  20  18  20  16  20  19  20  17  20  18  20  16  19  18  20  16  19  19  18  15  18  18  18  16  17  18  16  15 
 20  20  18  16  19  20  18  16  18  20  18  16  18  20  17  16  17  19  16  16  17  18  17  14  16  18  16  15  17  17  15  11 
[0;32mI (16770) FMON2_MAIN: BMP image successfully created (1846 bytes).[0m
[0;32mI (16770) FMON2_MAIN: --- New Thermal Frame Captured ---[0m
 21  21  18  15  21  21  19  17  21  22  19  16  22  21  19  17  21  22  19  16  21  20  18  15  20  19  17  13  20  19  14  13 
 22  20  19  14  23  20  20  15  23  21  19  16  22  20  20  15  22  21  19  16  21  20  18  15  20  20  16  14  20  19  17  11 
 22  22  19  17  22  21  19  17  22  22  19  17  22  22  19  18  21  21  19  17  21  20  18  15  20  20  17  14  20  20  16  14 
 24  21  20  15  23  21  20  16  23  20  20  16  22  20  20  16  22  21  19  16  21  20  18  15  20  20  17  14  20  20  16  12 
 22  22  18  17  22  22  20  18  22  22  20  18  22  22  19  18  22  21  19  17  21  21  18  16  20  20  17  15  20  20  16  11 
 24  21  20  15  23  21  20  16  23  21  20  17  23  21  20  16  22  21  19  16  21  20  19  15  21  20  18  14  20  20  17  14 
 22  23  19  17  22  22  20  18  22  22  20  18  22  22  20  18  21  21  19  18  21  21  18  17  20  20  17  16  20  20  17  15 
 23  21  20  15  23  21  20  17  23  21  20  17  23  21  20  17  22  21  20  16  21  20  19  15  20  20  17  14  20  19  17  14 
 22  23  19  18  22  22  20  18  22  23  20  18  22  22  20  18  22  22  19  18  20  21  18  16  20  20  17  15  20  20  16  14 
 24  21  20  16  23  21  20  17  23  21  20  17  23  21  20  17  22  20  20  16  21  20  18  15  20  20  17  14  20  20  17  12 
 22  22  19  18  22  23  20  18  22  22  20  18  22  22  20  18  21  22  19  18  21  20  18  16  20  20  17  15  20  20  15  15 
 23  21  20  16  24  21  20  17  23  21  20  17  23  21  20  17  22  20  20  16  21  20  18  15  20  20  17  14  20  20  17  13 
 22  22  19  18  23  22  20  17  22  22  20  18  22  22  19  18  21  21  19  17  20  20  18  15  20  20  17  15  20  20  18  14 
 23  21  20  15  22  21  20  16  22  21  20  17  22  20  20  16  21  20  19  16  21  20  18  15  20  20  17  14  20  20  17  15 
 22  22  18  16  22  21  19  17  22  21  20  17  22  22  19  17  21  21  18  16  20  20  18  16  20  20  17  15  21  20  17  16 
 23  21  20  16  22  20  19  16  22  20  20  16  22  20  20  16  21  20  19  15  21  20  18  15  20  20  17  13  20  20  18  15 
 22  20  19  16  22  21  19  17  22  22  19  17  22  21  19  17  21  21  18  17  20  20  18  16  20  20  15  15  20  20  15  16 
 23  20  19  15  22  21  19  17  22  20  20  16  22  20  19  16  21  20  19  15  20  19  18  14  20  19  18  12  20  19  18  12 
 22  20  18  15  22  20  19  16  21  21  19  16  21  21  18  16  20  20  18  15  20  20  17  15  20  20  16  15  20  20  15  15 
 22  20  18  14  21  20  19  15  22  20  19  15  21  20  18  15  20  20  18  14  20  20  17  14  20  19  17  12  20  19  18  12 
 22  20  18  13  21  20  18  15  21  20  18  15  21  20  18  14  20  20  17  14  20  20  18  14  20  20  16  15  20  20  15  14 
 23  20  18  13  21  20  19  14  21  20  18  15  20  20  18  14  20  20  16  14  20  20  16  14  20  18  17  12  20  19  17  11 
 22  19  17  12  21  20  18  15  21  20  18  15  20  20  17  14  20  20  17  14  20  20  17  14  20  20  15  14  19  20  13  13 
 22  19  18  12  21  20  18  13  20  20  17  14  20  20  16  14  20  20  16  13  19  19  16  13  20  19  14  12  19  17  14  10 
[0;32mI (19820) FMON2_MAIN: BMP image successfully created (1846 bytes).[0m
[0;32mI (19830) FMON2_MAIN: --- New Thermal Frame Captured ---[0m
  0   0   0   0   0   0   0   0   0   1   0   0   0   1   0   0   0   2   0   0   1   2   1   0   0   1   0   0   0   1   0   0 
  0   0   0   0   0   0   0   0   0   0   0   0   0   0   0   0   0   0   0   0   1   0   0   1   0   0   0   0   0   0   0   0 
  0   1   0   0   0   1   0   0   0   1   0   0   0   1   0   0   0   2   1   0   2   2   1   0   1   1   0   0   0   1   0   0 
  0   0   0   0   0   0   0   0   0   0   0   0   0   0   0   0   0   0   0   1   1   1   0   1   1   0   0   0   0   0   0   0 
  0   1   0   0   0   1   0   0   0   1   0   0   1   2   0   0   1   2   1   0   2   2   2   0   1   2   0   0   1   1   0   0 
  0   0   0   0   0   0   0   0   0   0   0   0   1   0   0   0   0   0   0   1   1   1   0   1   1   1   0   0   0   0   0   0 
  0   0   0   0   0   0   0   0   0   0   1   0   0   1   0   0   0   1   1   0   2   2   2   0   2   3   1   0   2   2   1   0 
  0   0   0   0   0   0   0   0   0   0   0   0   0   0   0   0   0   0   0   0   2   1   0   1   1   1   0   1   1   0   0   1 
  0   0   0   0   0   1   0   0   0   1   0   0   1   2   1   0   0   2   2   0   2   3   2   0   1   3   0   0   1   3   1   0 
  0   0   0   0   1   0   0   0   1   0   0   0   0   0   0   0   0   0   0   1   2   1   0   2   2   1   0   1   2   1   0   0 
  0   0   0   0   0   1   0   0   0   0   0   0   0   0   0   0   0   1   2   0   2   3   2   0   1   2   1   0   1   3   0   0 
  0   0   0   0   0   0   0   0   0   0   0   0   0   0   0   0   0   0   0   2   2   1   0   1   1   1   0   1   1   0   0   1 
  0   0   0   0   0   1   0   0   0   1   0   0   0   1   0   0   1   1   1   0   2   3   2   0   2   3   1   0   2   3   1   0 
  0   0   0   0   0   0   0   0   0   0   0   0   2   1   0   0   0   0   0   1   2   1   0   1   1   1   0   0   1   1   0   0 
  0   0   0   0   0   0   0   0   0   1   1   0   3   3   0   0   1   1   1   0   2   3   2   0   2   3   1   0   2   3   1   0 
