[0;32mI (215) app_iï¿½ets Jul 29 2019 12:21:46

rst:0x1 (POWERON_RESET),boot:0x13 (SPI_FAST_FLASH_BOOT)
configsip: 0, SPIWP:0xee
clk_drv:0x00,q_drv:0x00,d_drv:0x00,cs0_drv:0x00,hd_drv:0x00,wp_drv:0x00
mode:DIO, clock div:2
load:0x3fff0030,len:7176
load:0x40078000,len:15564
ho 0 tail 12 room 4
load:0x40080400,len:4
load:0x40080404,len:3904
entry 0x40080640
[0;32mI (31) boot: ESP-IDF v5.3.2 2nd stage bootloader[0m
[0;32mI (31) boot: compile time Jul 14 2025 13:57:44[0m
[0;32mI (31) boot: Multicore bootloader[0m
[0;32mI (35) boot: chip revision: v3.1[0m
[0;32mI (39) boot.esp32: SPI Speed      : 40MHz[0m
[0;32mI (44) boot.esp32: SPI Mode       : DIO[0m
[0;32mI (48) boot.esp32: SPI Flash Size : 2MB[0m
[0;32mI (53) boot: Enabling RNG early entropy source...[0m
[0;32mI (58) boot: Partition Table:[0m
[0;32mI (62) boot: ## Label            Usage          Type ST Offset   Length[0m
[0;32mI (69) boot:  0 nvs              WiFi data        01 02 00009000 00006000[0m
[0;32mI (77) boot:  1 phy_init         RF data          01 01 0000f000 00001000[0m
[0;32mI (84) boot:  2 factory          factory app      00 00 00010000 00100000[0m
[0;32mI (92) boot: End of partition table[0m
[0;32mI (96) esp_image: segment 0: paddr=00010020 vaddr=3f400020 size=0af70h ( 44912) map[0m
[0;32mI (120) esp_image: segment 1: paddr=0001af98 vaddr=3ffb0000 size=02394h (  9108) load[0m
[0;32mI (123) esp_image: segment 2: paddr=0001d334 vaddr=40080000 size=02ce4h ( 11492) load[0m
[0;32mI (130) esp_image: segment 3: paddr=00020020 vaddr=400d0020 size=18da8h (101800) map[0m
[0;32mI (169) esp_image: segment 4: paddr=00038dd0 vaddr=40082ce4 size=0b3a8h ( 45992) load[0m
[0;32mI (194) boot: Loaded app from partition at offset 0x10000[0m
[0;32mI (194) boot: Disabling RNG early entropy source...[0m
[0;32mI (207) cpu_start: Multicore app[0m
[0;32mI (215) cpu_start: Pro cpu start user code[0m
[0;32mI (215) cpu_start: cpu freq: 160000000 Hz[0m
[0;32mI (215) app_init: Application information:[0m
[0;32mI (218) app_init: Project name:     fmon2[0m
[0;32mI (223) app_init: App version:      fd99b97-dirty[0m
[0;32mI (228) app_init: Compile time:     Jul 14 2025 13:57:41[0m
[0;32mI (234) app_init: ELF file SHA256:  50e2676b7...[0m
[0;32mI (239) app_init: ESP-IDF:          v5.3.2[0m
[0;32mI (244) efuse_init: Min chip rev:     v0.0[0m
[0;32mI (249) efuse_init: Max chip rev:     v3.99 [0m
[0;32mI (254) efuse_init: Chip rev:         v3.1[0m
[0;32mI (259) heap_init: Initializing. RAM available for dynamic allocation:[0m
[0;32mI (266) heap_init: At 3FFAE6E0 len 00001920 (6 KiB): DRAM[0m
[0;32mI (272) heap_init: At 3FFB4DE8 len 0002B218 (172 KiB): DRAM[0m
[0;32mI (278) heap_init: At 3FFE0440 len 00003AE0 (14 KiB): D/IRAM[0m
[0;32mI (284) heap_init: At 3FFE4350 len 0001BCB0 (111 KiB): D/IRAM[0m
[0;32mI (291) heap_init: At 4008E08C len 00011F74 (71 KiB): IRAM[0m
[0;32mI (299) spi_flash: detected chip: generic[0m
[0;32mI (302) spi_flash: flash io: dio[0m
[0;33mW (306) spi_flash: Detected size(4096k) larger than the size in the binary image header(2048k). Using the size in the binary image header.[0m
[0;33mW (319) i2c: This driver is an old driver, please migrate your application code to adapt `driver/i2c_master.h`[0m
[0;32mI (330) main_task: Started on CPU0[0m
[0;32mI (340) main_task: Calling app_main()[0m
[0;32mI (340) CAPTURE_IMAGE: Initializing thermal camera...[0m
[0;32mI (520) CAPTURE_IMAGE: Thermal camera initialized successfully.[0m
[0;32mI (520) CAPTURE_IMAGE: Camera frequency set to: 1[0m
[0;32mI (520) CAPTURE_IMAGE: Camera mode set to: Chess[0m
[0;32mI (1820) FMON2_MAIN: BMP image successfully created (1846 bytes).[0m
[0;32mI (1820) FMON2_MAIN: --- New Thermal Frame Captured ---[0m
  1   0   0   0   2   0   0   0   1   0   0   0   2   0   0   0   2   0   0   0   2   0   0   0   3   0   0   0   2   0   0   0 
  0   4   0   0   0   4   0   0   0   4   0   0   0   4   0   0   0   4   0   0   0   4   0   0   0   5   1   0   0   4   0   0 
  1   0   0   0   2   0   0   0   2   0   0   0   2   0   0   0   2   0   0   0   2   0   0   0   3   0   0   0   3   0   0   0 
  0   4   0   0   0   3   0   0   0   4   0   0   0   4   1   0   0   4   1   0   0   4   1   0   0   4   0   0   0   4   0   0 
  3   0   0   0   2   0   0   0   3   0   0   0   2   0   0   0   2   0   0   0   2   0   0   0   3   0   0   0   3   0   0   0 
  0   6   0   0   0   5   0   0   0   4   1   0   0   4   0   0   0   4   0   0   0   5   1   0   0   4   1   0   0   5   0   0 
  3   0   0   0   2   0   0   0   1   0   0   0   2   0   0   0   2   0   0   0   2   0   0   0   3   1   0   0   4   0   0   0 
  0   5   1   0   0   4   0   0   0   3   0   0   0   4   0   0   0   4   0   0   0   4   1   0   0   5   1   0   0   5   0   0 
  3   0   0   0   2   0   0   0   3   0   0   0   2   0   0   0   3   0   0   0   3   0   0   0   4   1   0   0   3   0   0   0 
  0   5   1   0   0   4   0   0   0   4   0   0   0   5   0   0   0   4   0   0   0   3   0   0   0   5   1   0   0   5   0   0 
  3   0   0   0   1   0   0   0   2   0   0   0   2   0   0   0   2   0   0   0   2   0   0   1   3   1   0   0   4   1   0   0 
  0   5   0   0   0   4   0   0   0   4   0   0   0   3   0   0   0   3   0   0   0   4   1   0   1   5   1   0   0   5   0   0 
  4   0   0   0   2   0   0   0   2   0   0   0   2   0   0   0   3   0   0   0   3   0   0   0   4   1   0   0   4   1   0   0 
  1   5   1   0   0   4   0   0   0   4   0   0   0   4   0   0   1   5   1   0   0   4   1   0   0   6   1   0   0   5   0   0 
  3   0   0   0   2   0   0   0   2   0   0   0   2   0   0   0   5   2   0   0   3   0   0   0   4   1   0   0   4   0   0   0 
  0   5   1   0   0   3   0   0   0   4   0   0   0   4   0   0   1   5   0   0   0   4   0   0   1   5   1   0   1   6   0   0 
  3   0   0   0   2   0   0   0   2   0   0   0   2   0   0   0   3   1   0   0   3   0   0   0   4   0   0   0   4   1   0   0 
  0   5   0   0   0   3   0   0   0   4   0   0   0   4   1   0   0   4   0   0   0   4   1   0   1   5   1   0   0   5   0   0 
  4   0   0   0   3   0   0   0   2   0   0   0   3   0   0   0   2   0   0   0   3   0   0   0   3   1   0   0   4   0   0   0 
  0   5   0   0   0   5   0   0   0   2   0   0   0   4   0   0   0   4   0   0   0   4   0   0   0   5   0   0   0   5   0   0 
  4   0   0   0   3   0   0   0   2   0   0   0   3   0   0   0   2   0   0   0   2   0   0   0   4   0   0   0   3   0   0   0 
  0   5   0   0   0   4   0   0   0   3   0   0   0   3   0   0   0   3   0   0   0   3   0   0   0   5   0   0   0   5   0   0 
  4   0   0   0   3   0   0   0   2   0   0   0   2   0   0   0   2   0   0   0   2   0   0   0   3   1   0   0   2   0   0   0 
  0   5   1   0   0   3   0   0   0   2   0   0   0   3   0   0   0   3   0   0   0   3   0   0   0   4   0   0   0   3   0   0 

assert failed: tlsf_free tlsf.c:1201 (!block_is_free(block) && "block already marked as free")


Backtrace: 0x4008194e:0x3ffb5ee0 0x40086801:0x3ffb5f00 0x4008ca51:0x3ffb5f20 0x4008b38a:0x3ffb6040 0x4008b210:0x3ffb6060 0x4008213e:0x3ffb6080 0x4008ca6d:0x3ffb60a0 0x400d62c4:0x3ffb60c0 0x400e84d8:0x3ffb60e0 0x400872a9:0x3ffb6110




ELF file SHA256: 50e2676b7

Rebooting...
ets Jul 29 2019 12:21:46

rst:0xc (SW_CPU_RESET),boot:0x13 (SPI_FAST_FLASH_BOOT)
configsip: 0, SPIWP:0xee
clk_drv:0x00,q_drv:0x00,d_drv:0x00,cs0_drv:0x00,hd_drv:0x00,wp_drv:0x00
mode:DIO, clock div:2
load:0x3fff0030,len:7176
load:0x40078000,len:15564
ho 0 tail 12 room 4
load:0x40080400,len:4
load:0x40080404,len:3904
entry 0x40080640
[0;32mI (31) boot: ESP-IDF v5.3.2 2nd stage bootloader[0m
[0;32mI (31) boot: compile time Jul 14 2025 13:57:44[0m
[0;32mI (31) boot: Multicore bootloader[0m
[0;32mI (35) boot: chip revision: v3.1[0m
[0;32mI (39) boot.esp32: SPI Speed      : 40MHz[0m
[0;32mI (44) boot.esp32: SPI Mode       : DIO[0m
[0;32mI (48) boot.esp32: SPI Flash Size : 2MB[0m
[0;32mI (53) boot: Enabling RNG early entropy source...[0m
[0;32mI (58) boot: Partition Table:[0m
[0;32mI (62) boot: ## Label            Usage          Type ST Offset   Length[0m
[0;32mI (69) boot:  0 nvs              WiFi data        01 02 00009000 00006000[0m
[0;32mI (77) boot:  1 phy_init         RF data          01 01 0000f000 00001000[0m
[0;32mI (84) boot:  2 factory          factory app      00 00 00010000 00100000[0m
[0;32mI (92) boot: End of partition table[0m
[0;32mI (96) esp_image: segment 0: paddr=00010020 vaddr=3f400020 size=0af70h ( 44912) map[0m
[0;32mI (120) esp_image: segment 1: paddr=0001af98 vaddr=3ffb0000 size=02394h (  9108) load[0m
[0;32mI (123) esp_image: segment 2: paddr=0001d334 vaddr=40080000 size=02ce4h ( 11492) load[0m
[0;32mI (130) esp_image: segment 3: paddr=00020020 vaddr=400d0020 size=18da8h (101800) map[0m
[0;32mI (169) esp_image: segment 4: paddr=00038dd0 vaddr=40082ce4 size=0b3a8h ( 45992) load[0m
[0;32mI (194) boot: Loaded app from partition at offset 0x10000[0m
[0;32mI (194) boot: Disabling RNG early entropy source...[0m
[0;32mI (207) cpu_start: Multicore app[0m
[0;32mI (215) cpu_start: Pro cpu start user code[0m
[0;32mI (215) cpu_start: cpu freq: 160000000 Hz[0m
[0;32mI (215) app_init: Application information:[0m
[0;32mI (218) app_init: Project name:     fmon2[0m
[0;32mI (223) app_init: App version:      fd99b97-dirty[0m
[0;32mI (228) app_init: Compile time:     Jul 14 2025 13:57:41[0m
[0;32mI (234) app_init: ELF file SHA256:  50e2676b7...[0m
[0;32mI (239) app_init: ESP-IDF:          v5.3.2[0m
[0;32mI (244) efuse_init: Min chip rev:     v0.0[0m
[0;32mI (249) efuse_init: Max chip rev:     v3.99 [0m
[0;32mI (254) efuse_init: Chip rev:         v3.1[0m
[0;32mI (259) heap_init: Initializing. RAM available for dynamic allocation:[0m
[0;32mI (266) heap_init: At 3FFAE6E0 len 00001920 (6 KiB): DRAM[0m
[0;32mI (272) heap_init: At 3FFB4DE8 len 0002B218 (172 KiB): DRAM[0m
[0;32mI (278) heap_init: At 3FFE0440 len 00003AE0 (14 KiB): D/IRAM[0m
[0;32mI (284) heap_init: At 3FFE4350 len 0001BCB0 (111 KiB): D/IRAM[0m
[0;32mI (291) heap_init: At 4008E08C len 00011F74 (71 KiB): IRAM[0m
[0;32mI (299) spi_flash: detected chip: generic[0m
[0;32mI (302) spi_flash: flash io: dio[0m
[0;33mW (306) spi_flash: Detected size(4096k) larger than the size in the binary image header(2048k). Using the size in the binary image header.[0m
[0;33mW (319) i2c: This driver is an old driver, please migrate your application code to adapt `driver/i2c_master.h`[0m
[0;32mI (330) main_task: Started on CPU0[0m
[0;32mI (340) main_task: Calling app_main()[0m
[0;32mI (340) CAPTURE_IMAGE: Initializing thermal camera...[0m
[0;32mI (520) CAPTURE_IMAGE: Thermal camera initialized successfully.[0m
[0;32mI (520) CAPTURE_IMAGE: Camera frequency set to: 1[0m
[0;32mI (520) CAPTURE_IMAGE: Camera mode set to: Chess[0m
[0;32mI (1710) FMON2_MAIN: BMP image successfully created (1846 bytes).[0m
[0;32mI (1710) FMON2_MAIN: --- New Thermal Frame Captured ---[0m
  0   0   2   0   0   0   2   0   0   0   3   0   0   0   2   0   0   0   2   0   0   0   2   0   0   0   3   0   0   0   0   0 
  0   0   0   1   0   0   0   1   0   0   0   1   0   0   1   2   0   0   0   1   0   0   1   2   0   1   1   3   0   0   0   1 
  0   0   2   0   0   0   2   0   0   0   3   0   0   0   3   0   0   0   3   0   0   0   3   0   1   0   4   0   0   0   1   0 
  0   0   0   1   0   0   0   1   0   0   0   2   0   0   0   2   0   1   1   2   0   0   1   3   0   1   1   3   0   0   0   1 
  0   0   2   0   0   0   2   0   0   0   2   0   0   0   3   0   0   0   3   0   0   0   3   0   0   0   3   0   0   0   1   0 
  0   0   0   1   0   0   0   2   0   0   0   2   0   0   1   2   0   0   1   2   0   1   1   2   0   1   1   3   0   1   0   1 
  0   0   3   0   0   0   3   0   0   0   2   0   0   0   2   0   0   0   2   0   0   0   3   0   0   0   4   0   1   0   2   0 
  0   0   1   2   0   0   0   1   0   0   0   2   0   0   1   2   0   0   1   2   0   0   1   3   1   1   2   4   0   0   1   2 
  0   0   3   0   0   0   2   0   0   0   2   0   0   0   2   0   0   0   3   0   0   0   3   0   1   0   3   0   0   0   2   0 
  0   0   2   2   0   0   0   2   0   0   1   2   0   1   0   1   0   0   1   2   0   0   1   3   1   1   2   3   0   1   1   2 
  0   0   3   0   0   0   2   0   0   0   2   0   0   0   2   0   0   0   1   0   0   0   3   0   1   0   4   0   0   0   3   0 
  0   0   1   2   0   0   1   1   0   0   0   2   0   0   0   1   0   0   0   2   0   0   1   3   1   2   2   2   1   1   1   2 
  0   0   3   0   0   0   1   0   0   0   2   0   0   0   2   0   0   0   3   0   0   0   3   0   1   0   3   0   0   0   2   0 
  1   1   0   2   0   0   0   1   0   0   0   1   0   0   0   2   0   2   1   2   0   0   1   2   1   2   1   3   0   1   1   2 
  0   0   3   0   0   0   2   0   0   0   2   0   0   0   2   0   1   0   3   0   0   0   3   0   1   0   3   0   0   0   2   0 
  0   0   1   2   0   0   0   1   0   0   0   1   0   0   1   2   1   2   1   1   0   0   1   2   0   2   1   2   1   0   1   2 
  0   0   3   0   0   0   1   0   0   0   2   0   0   0   3   0   1   0   2   0   0   0   2   0   0   0   4   0   1   0   2   0 
  0   0   1   2   0   0   0   1   0   0   0   1   0   0   1   2   0   1   1   2   0   0   1   3   1   1   2   3   0   1   1   3 
  0   0   3   0   0   0   2   0   0   0   2   0   0   0   2   0   0   0   2   0   0   0   2   0   1   0   3   0   0   0   3   0 
  0   0   1   1   0   0   0   0   0   0   0   0   0   0   0   1   0   0   0   1   0   0   1   2   0   1   1   2   0   0   0   2 
  0   0   3   0   0   0   2   0   0   0   1   0   0   0   3   0   0   0   1   0   0   0   2   0   0   0   3   0   0   0   2   0 
  1   0   1   1   0   0   1   0   0   0   0   0   0   0   0   0   0   0   0   0   0   0   0   1   1   1   0   1   0   0   0   1 
  0   0   3   0   0   0   2   0   0   0   1   0   0   0   1   0   0   0   1   0   0   0   2   0   1   0   2   0   0   0   1   0 
  1   0   1   1   0   0   0   0   0   0   0   0   0   0   0   0   0   0   0   0   0   0   0   1   0   0   0   1   0   0   0   0 

assert failed: tlsf_free tlsf.c:1201 (!block_is_free(block) && "block already marked as free")


Backtrace: 0x4008194e:0x3ffb5ee0 0x40086801:0x3ffb5f00 0x4008ca51:0x3ffb5f20 0x4008b38a:0x3ffb6040 0x4008b210:0x3ffb6060 0x4008213e:0x3ffb6080 0x4008ca6d:0x3ffb60a0 0x400d62c4:0x3ffb60c0 0x400e84d8:0x3ffb60e0 0x400872a9:0x3ffb6110




ELF file SHA256: 50e2676b7

Rebooting...
ets Jul 29 2019 12:21:46

rst:0xc (SW_CPU_RESET),boot:0x13 (SPI_FAST_FLASH_BOOT)
configsip: 0, SPIWP:0xee
clk_drv:0x00,q_drv:0x00,d_drv:0x00,cs0_drv:0x00,hd_drv:0x00,wp_drv:0x00
mode:DIO, clock div:2
load:0x3fff0030,len:7176
load:0x40078000,len:15564
ho 0 tail 12 room 4
load:0x40080400,len:4
load:0x40080404,len:3904
entry 0x40080640
[0;32mI (31) boot: ESP-IDF v5.3.2 2nd stage bootloader[0m
[0;32mI (31) boot: compile time Jul 14 2025 13:57:44[0m
[0;32mI (31) boot: Multicore bootloader[0m
[0;32mI (35) boot: chip revision: v3.1[0m
[0;32mI (39) boot.esp32: SPI Speed      : 40MHz[0m
[0;32mI (44) boot.esp32: SPI Mode       : DIO[0m
[0;32mI (48) boot.esp32: SPI Flash Size : 2MB[0m
[0;32mI (53) boot: Enabling RNG early entropy source...[0m
[0;32mI (58) boot: Partition Table:[0m
[0;32mI (62) boot: ## Label            Usage          Type ST Offset   Length[0m
[0;32mI (69) boot:  0 nvs              WiFi data        01 02 00009000 00006000[0m
[0;32mI (77) boot:  1 phy_init         RF data          01 01 0000f000 00001000[0m
[0;32mI (84) boot:  2 factory          factory app      00 00 00010000 00100000[0m
[0;32mI (92) boot: End of partition table[0m
[0;32mI (96) esp_image: segment 0: paddr=00010020 vaddr=3f400020 size=0af70h ( 44912) map[0m
[0;32mI (120) esp_image: segment 1: paddr=0001af98 vaddr=3ffb0000 size=02394h (  9108) load[0m
[0;32mI (123) esp_image: segment 2: paddr=0001d334 vaddr=40080000 size=02ce4h ( 11492) load[0m
[0;32mI (130) esp_image: segment 3: paddr=00020020 vaddr=400d0020 size=18da8h (101800) map[0m
[0;32mI (169) esp_image: segment 4: paddr=00038dd0 vaddr=40082ce4 size=0b3a8h ( 45992) load[0m
[0;32mI (194) boot: Loaded app from partition at offset 0x10000[0m
[0;32mI (194) boot: Disabling RNG early entropy source...[0m
[0;32mI (207) cpu_start: Multicore app[0m
[0;32mI (215) cpu_start: Pro cpu start user code[0m
[0;32mI (215) cpu_start: cpu freq: 160000000 Hz[0m
[0;32mI (215) app_init: Application information:[0m
[0;32mI (218) app_init: Project name:     fmon2[0m
[0;32mI (223) app_init: App version:      fd99b97-dirty[0m
[0;32mI (228) app_init: Compile time:     Jul 14 2025 13:57:41[0m
[0;32mI (234) app_init: ELF file SHA256:  50e2676b7...[0m
[0;32mI (239) app_init: ESP-IDF:          v5.3.2[0m
[0;32mI (244) efuse_init: Min chip rev:     v0.0[0m
[0;32mI (249) efuse_init: Max chip rev:     v3.99 [0m
[0;32mI (254) efuse_init: Chip rev:         v3.1[0m
[0;32mI (259) heap_init: Initializing. RAM available for dynamic allocation:[0m
[0;32mI (266) heap_init: At 3FFAE6E0 len 00001920 (6 KiB): DRAM[0m
[0;32mI (272) heap_init: At 3FFB4DE8 len 0002B218 (172 KiB): DRAM[0m
[0;32mI (278) heap_init: At 3FFE0440 len 00003AE0 (14 KiB): D/IRAM[0m
[0;32mI (284) heap_init: At 3FFE4350 len 0001BCB0 (111 KiB): D/IRAM[0m
[0;32mI (291) heap_init: At 4008E08C len 00011F74 (71 KiB): IRAM[0m
[0;32mI (299) spi_flash: detected chip: generic[0m
[0;32mI (302) spi_flash: flash io: dio[0m
[0;33mW (306) spi_flash: Detected size(4096k) larger than the size in the binary image header(2048k). Using the size in the binary image header.[0m
[0;33mW (319) i2c: This driver is an old driver, please migrate your application code to adapt `driver/i2c_master.h`[0m
[0;32mI (330) main_task: Started on CPU0[0m
[0;32mI (340) main_task: Calling app_main()[0m
[0;32mI (340) CAPTURE_IMAGE: Initializing thermal camera...[0m
[0;32mI (520) CAPTURE_IMAGE: Thermal camera initialized successfully.[0m
[0;32mI (520) CAPTURE_IMAGE: Camera frequency set to: 1[0m
[0;32mI (520) CAPTURE_IMAGE: Camera mode set to: Chess[0m
[0;32mI (1710) FMON2_MAIN: BMP image successfully created (1846 bytes).[0m
[0;32mI (1710) FMON2_MAIN: --- New Thermal Frame Captured ---[0m
  1   1   0   4   1   7   0   7   0   8   0   8   1   9   0   9   1   9   0   8   1   8   1   8   2   7   1   7   1   5   0   3 
  0   1   3   0   7   1   7   0   9   1   9   0  10   1   9   0  10   2   9   0   9   2   8   0   8   3   7   0   8   1   6   0 
  0   0   0   2   1   6   0   7   1   8   0   8   1   9   0   8   1   9   1   8   1   8   2   7   2   6   1   5   2   6   0   4 
  0   1   0   0   6   1   7   0   9   1   9   0  10   2   9   0   9   2   8   0   9   2   9   0   7   2   5   0   5   1   3   0 
  2   0   0   0   1   5   0   7   2   8   0   8   1   8   0   8   1   8   0   8   1   8   1   8   2   8   1   7   2   4   0   3 
  1   2   0   0   4   1   6   0   9   2   9   0   9   2   8   0   8   2   8   0   9   2   9   0   9   3   8   0   8   3   3   0 
  2   0   1   0   1   1   0   4   0   6   0   6   1   7   0   7   1   7   0   7   2   8   1   7   2   8   1   8   2   8   0   6 
  1   3   0   0   0   1   2   0   6   1   7   0   8   1   7   0   8   2   6   0   8   2   7   0   8   3   8   0   8   2   7   0 
  1   0   0   0   1   0   0   0   2   3   0   5   2   6   1   7   1   5   1   3   2   5   1   7   3   8   1   7   2   7   0   6 
  2   2   0   0   0   1   0   0   2   3   3   0   7   2   7   0   7   1   3   0   3   1   6   0   8   3   7   0   7   3   6   0 
  2   0   0   0   0   0   0   0   1   0   0   0   1   2   0   5   1   6   0   4   1   1   0   3   3   6   1   6   2   6   0   5 
  1   2   1   0   1   2   0   0   0   2   0   0   1   1   3   0   6   1   6   0   4   2   2   0   4   3   5   0   6   3   5   0 
  2   0   1   0   2   0   0   0   1   0   0   0   1   0   0   1   2   5   0   5   2   5   1   2   3   2   1   2   2   4   0   3 
  1   2   0   0   0   1   0   0   0   1   0   0   0   1   0   0   4   3   5   0   6   2   4   0   3   3   1   0   3   3   3   0 
  1   0   0   0   1   0   0   0   1   0   0   0   1   0   0   0   3   3   1   3   1   5   0   5   2   2   1   1   2   1   0   0 
  2   2   0   0   0   1   0   0   0   1   0   0   1   1   0   0   3   3   1   0   6   2   5   0   5   3   2   0   2   2   0   0 
  2   0   0   0   1   0   0   0   1   0   0   0   1   0   1   0   3   2   0   0   1   2   0   5   2   4   2   1   3   1   0   0 
  1   2   0   0   0   1   0   0   0   1   0   0   0   1   1   0   1   3   0   0   1   1   3   0   4   3   2   0   2   3   0   0 
  2   0   0   0   1   0   0   0   1   0   0   0   2   0   0   0   1   0   0   0   2   0   0   0   2   1   1   1   2   0   0   0 
  2   2   0   0   1   1   0   0   0   0   0   0   0   2   0   0   0   2   0   0   0   1   0   0   2   3   0   0   1   2   0   0 
  2   0   0   0   2   0   0   0   1   0   0   0   1   0   0   0   1   0   0   0   1   0   0   0   2   1   0   0   2   0   0   0 
  2   2   0   0   1   1   0   0   0   0   0   0   0   1   0   0   0   1   0   0   0   1   0   0   2   2   0   0   0   2   0   0 
  3   0   0   0   2   0   0   0   1   0   0   0   1   0   0   0   1   0   0   0   1   0   0   0   2   1   0   0   1   0   0   0 
  2   2   1   0   1   0   0   0   0   0   0   0   0   1   0   0   0   0   0   0   0   1   0   0   0   1   0   0   0   1   0   0 

assert failed: tlsf_free tlsf.c:1201 (!block_is_free(block) && "block already marked as free")


Backtrace: 0x4008194e:0x3ffb5ee0 0x40086801:0x3ffb5f00 0x4008ca51:0x3ffb5f20 0x4008b38a:0x3ffb6040 0x4008b210:0x3ffb6060 0x4008213e:0x3ffb6080 0x4008ca6d:0x3ffb60a0 0x400d62c4:0x3ffb60c0 0x400e84d8:0x3ffb60e0 0x400872a9:0x3ffb6110




ELF file SHA256: 50e2676b7

Rebooting...
ets Jul 29 2019 12:21:46

rst:0xc (SW_CPU_RESET),boot:0x13 (SPI_FAST_FLASH_BOOT)
configsip: 0, SPIWP:0xee
clk_drv:0x00,q_drv:0x00,d_drv:0x00,cs0_drv:0x00,hd_drv:0x00,wp_drv:0x00
mode:DIO, clock div:2
load:0x3fff0030,len:7176
load:0x40078000,len:15564
ho 0 tail 12 room 4
load:0x40080400,len:4
load:0x40080404,len:3904
entry 0x40080640
[0;32mI (31) boot: ESP-IDF v5.3.2 2nd stage bootloader[0m
[0;32mI (31) boot: compile time Jul 14 2025 13:57:44[0m
[0;32mI (31) boot: Multicore bootloader[0m
[0;32mI (35) boot: chip revision: v3.1[0m
[0;32mI (39) boot.esp32: SPI Speed      : 40MHz[0m
[0;32mI (44) boot.esp32: SPI Mode       : DIO[0m
[0;32mI (48) boot.esp32: SPI Flash Size : 2MB[0m
[0;32mI (53) boot: Enabling RNG early entropy source...[0m
[0;32mI (58) boot: Partition Table:[0m
[0;32mI (62) boot: ## Label            Usage          Type ST Offset   Length[0m
[0;32mI (69) boot:  0 nvs              WiFi data        01 02 00009000 00006000[0m
[0;32mI (77) boot:  1 phy_init         RF data          01 01 0000f000 00001000[0m
[0;32mI (84) boot:  2 factory          factory app      00 00 00010000 00100000[0m
[0;32mI (92) boot: End of partition table[0m
[0;32mI (96) esp_image: segment 0: paddr=00010020 vaddr=3f400020 size=0af70h ( 44912) map[0m
[0;32mI (120) esp_image: segment 1: paddr=0001af98 vaddr=3ffb0000 size=02394h (  9108) load[0m
[0;32mI (123) esp_image: segment 2: paddr=0001d334 vaddr=40080000 size=02ce4h ( 11492) load[0m
[0;32mI (130) esp_image: segment 3: paddr=00020020 vaddr=400d0020 size=18da8h (101800) map[0m
[0;32mI (169) esp_image: segment 4: paddr=00038dd0 vaddr=40082ce4 size=0b3a8h ( 45992) load[0m
[0;32mI (194) boot: Loaded app from partition at offset 0x10000[0m
[0;32mI (194) boot: Disabling RNG early entropy source...[0m
[0;32mI (207) cpu_start: Multicore app[0m
[0;32mI (215) cpu_start: Pro cpu start user code[0m
[0;32mI (215) cpu_start: cpu freq: 160000000 Hz[0m
[0;32mI (215) app_init: Application information:[0m
[0;32mI (218) app_init: Project name:     fmon2[0m
[0;32mI (223) app_init: App version:      fd99b97-dirty[0m
[0;32mI (228) app_init: Compile time:     Jul 14 2025 13:57:41[0m
[0;32mI (234) app_init: ELF file SHA256:  50e2676b7...[0m
[0;32mI (239) app_init: ESP-IDF:          v5.3.2[0m
[0;32mI (244) efuse_init: Min chip rev:     v0.0[0m
[0;32mI (249) efuse_init: Max chip rev:     v3.99 [0m
[0;32mI (254) efuse_init: Chip rev:         v3.1[0m
[0;32mI (259) heap_init: Initializing. RAM available for dynamic allocation:[0m
[0;32mI (266) heap_init: At 3FFAE6E0 len 00001920 (6 KiB): DRAM[0m
[0;32mI (272) heap_init: At 3FFB4DE8 len 0002B218 (172 KiB): DRAM[0m
[0;32mI (278) heap_init: At 3FFE0440 len 00003AE0 (14 KiB): D/IRAM[0m
[0;32mI (284) heap_init: At 3FFE4350 len 0001BCB0 (111 KiB): D/IRAM[0m
[0;32mI (291) heap_init: At 4008E08C len 00011F74 (71 KiB): IRAM[0m
[0;32mI (299) spi_flash: detected chip: generic[0m
[0;32mI (302) spi_flash: flash io: dio[0m
[0;33mW (306) spi_flash: Detected size(4096k) larger than the size in the binary image header(2048k). Using the size in the binary image header.[0m
[0;33mW (319) i2c: This driver is an old driver, please migrate your application code to adapt `driver/i2c_master.h`[0m
[0;32mI (330) main_task: Started on CPU0[0m
[0;32mI (340) main_task: Calling app_main()[0m
[0;32mI (340) CAPTURE_IMAGE: Initializing thermal camera...[0m
[0;32mI (520) CAPTURE_IMAGE: Thermal camera initialized successfully.[0m
[0;32mI (520) CAPTURE_IMAGE: Camera frequency set to: 1[0m
[0;32mI (520) CAPTURE_IMAGE: Camera mode set to: Chess[0m
[0;32mI (1710) FMON2_MAIN: BMP image successfully created (1846 bytes).[0m
[0;32mI (1710) FMON2_MAIN: --- New Thermal Frame Captured ---[0m
  1  16  17  16  16  18  20  17  18  17  21  16  19  17  21  17  19  17  20  16  17  15  20  14  14  13  14  12  10  11  13   8 
 17   4  20  16  18  18  20  18  18  20  19  20  18  20  19  20  17  20  18  18  16  19  17  18  14  15  15  13  13  12  12  11 
  0  16   9  16  16  18  20  16  18  18  20  17  19  17  20  16  18  16  20  16  18  16  20  15  18  15  19  14  13  13  13  10 
 16   2  19   9  18  18  19  18  18  20  19  20  17  20  18  20  16  19  17  19  15  19  17  20  16  19  17  18  14  17  14  13 
  0  15   4  16  10  17  19  17  19  16  20  15  19  15  20  14  18  14  19  13  17  14  20  15  17  15  19  15  17  15  18  13 
 15   2  17   1  17  10  19  18  17  19  17  20  15  20  16  19  15  18  14  16  13  18  16  18  15  18  17  19  15  18  16  17 
  1  14   4  13   0  15   9  15  13  15  19  15  18  15  20  13  18  13  14  10  11  11  15  12  15  14  19  14  17  15  19  13 
 14   3  16   1  15   1  17   5  15  12  16  17  15  19  16  19  14  17  12  10  10  10  12  13  12  16  15  17  14  18  15  17 
  0  12   3  12   0  14   2  12   2  13   9  13  12  14  18  13  18  14  16  11   7  10   7  10  10  10  15  10  13  12  16  11 
 12   3  15   2  14   1  15   1  14   3  15   6  14  10  16  16  14  19  15  15  11   8  11   5  10   9  11  12  11  14  12  15 
  0  10   3  11   0  13   2  12   0  12   3  12   1  13   9  13  14  14  19  13  14  13  10  11   4  10   7   9   8  10  12   9 
 11   2  14   2  13   1  14   1  12   1  14   1  13   3  15   6  14  14  15  17  13  16  14  10  11   6  11   4  10   7  10  11 
  1  10   3  10   0  12   2  11   0  10   3  10   1  12   3  12   5  13  14  13  15  13  17  12  10  13   8  10   3  10   5   7 
 10   3  12   1  12   1  13   0  12   1  13   1  12   1  14   2  14   7  14  12  13  16  15  16  13  13  13   7  10   4  10   3 
  1   9   3   9   0  10   2  10   0  10   2  10   1  12   3  12   3  13   6  12  10  13  16  12  14  13  13  10   5  10   4   7 
 10   3  11   2  11   1  13   1  11   1  11   1  11   1  13   1  13   4  14   3  13  10  14  14  12  15  13  11  10   6  10   3 
  1   6   3   8   1  10   2  10   0   8   3   9   0  10   4  10   2  12   3  11   1  12   8  11  10  12  14  10   5  10   4   9 
  7   3  10   1  10   1  12   1  10   1   9   0  10   2  11   2  11   3  13   1  12   3  13   5  12  10  12   9  10   5  10   2 
  0   3   3   6   1   9   2   9   0   9   2   5   1   8   3   8   1  10   3  10   0  11   3  10   3  10   6   9   3  10   4   8 
  3   2   7   1  10   2  11   0  10   0   9   0   7   2  10   2  10   1  10   2  10   2  11   2  10   3  10   3   9   3  10   2 
  1   0   3   0   1   7   3   8   0  10   2   7   1   5   3   5   1   8   2   8   1  10   3   8   2   9   3   8   1   9   3   7 
  2   2   4   1   6   3  10   0  10   0  11   0   6   1   6   0   7   2   9   0   8   1   9   1   9   3  10   2   9   3   9   2 
  1   0   3   0   1   2   2   7   0   9   1   9   0   6   2   3   0   5   3   5   0   7   2   6   1   8   3   7   0   8   1   6 
  3   2   3   0   3   0   7   0   9   0  10   0   9   1   6   0   3   1   5   0   5   1   6   1   7   2   8   1   7   2   6   0 

assert failed: tlsf_free tlsf.c:1201 (!block_is_free(block) && "block already marked as free")


Backtrace: 0x4008194e:0x3ffb5ee0 0x40086801:0x3ffb5f00 0x4008ca51:0x3ffb5f20 0x4008b38a:0x3ffb6040 0x4008b210:0x3ffb6060 0x4008213e:0x3ffb6080 0x4008ca6d:0x3ffb60a0 0x400d62c4:0x3ffb60c0 0x400e84d8:0x3ffb60e0 0x400872a9:0x3ffb6110




ELF file SHA256: 50e2676b7

Rebooting...
ets Jul 29 2019 12:21:46

rst:0xc (SW_CPU_RESET),boot:0x13 (SPI_FAST_FLASH_BOOT)
configsip: 0, SPIWP:0xee
clk_drv:0x00,q_drv:0x00,d_drv:0x00,cs0_drv:0x00,hd_drv:0x00,wp_drv:0x00
mode:DIO, clock div:2
load:0x3fff0030,len:7176
load:0x40078000,len:15564
ho 0 tail 12 room 4
load:0x40080400,len:4
load:0x40080404,len:3904
entry 0x40080640
[0;32mI (31) boot: ESP-IDF v5.3.2 2nd stage bootloader[0m
[0;32mI (31) boot: compile time Jul 14 2025 13:57:44[0m
[0;32mI (31) boot: Multicore bootloader[0m
[0;32mI (35) boot: chip revision: v3.1[0m
[0;32mI (39) boot.esp32: SPI Speed      : 40MHz[0m
[0;32mI (44) boot.esp32: SPI Mode       : DIO[0m
[0;32mI (48) boot.esp32: SPI Flash Size : 2MB[0m
[0;32mI (53) boot: Enabling RNG early entropy source...[0m
[0;32mI (58) boot: Partition Table:[0m
[0;32mI (62) boot: ## Label            Usage          Type ST Offset   Length[0m
[0;32mI (69) boot:  0 nvs              WiFi data        01 02 00009000 00006000[0m
[0;32mI (77) boot:  1 phy_init         RF data          01 01 0000f000 00001000[0m
[0;32mI (84) boot:  2 factory          factory app      00 00 00010000 00100000[0m
[0;32mI (92) boot: End of partition table[0m
[0;32mI (96) esp_image: segment 0: paddr=00010020 vaddr=3f400020 size=0af70h ( 44912) map[0m
[0;32mI (120) esp_image: segment 1: paddr=0001af98 vaddr=3ffb0000 size=02394h (  9108) load[0m
[0;32mI (123) esp_image: segment 2: paddr=0001d334 vaddr=40080000 size=02ce4h ( 11492) load[0m
[0;32mI (130) esp_image: segment 3: paddr=00020020 vaddr=400d0020 size=18da8h (101800) map[0m
[0;32mI (169) esp_image: segment 4: paddr=00038dd0 vaddr=40082ce4 size=0b3a8h ( 45992) load[0m
[0;32mI (194) boot: Loaded app from partition at offset 0x10000[0m
[0;32mI (194) boot: Disabling RNG early entropy source...[0m
[0;32mI (207) cpu_start: Multicore app[0m
[0;32mI (215) cpu_start: Pro cpu start user code[0m
[0;32mI (215) cpu_start: cpu freq: 160000000 Hz[0m
[0;32mI (215) app_init: Application information:[0m
[0;32mI (218) app_init: Project name:     fmon2[0m
[0;32mI (223) app_init: App version:      fd99b97-dirty[0m
[0;32mI (228) app_init: Compile time:     Jul 14 2025 13:57:41[0m
[0;32mI (234) app_init: ELF file SHA256:  50e2676b7...[0m
[0;32mI (239) app_init: ESP-IDF:          v5.3.2[0m
[0;32mI (244) efuse_init: Min chip rev:     v0.0[0m
[0;32mI (249) efuse_init: Max chip rev:     v3.99 [0m
[0;32mI (254) efuse_init: Chip rev:         v3.1[0m
[0;32mI (259) heap_init: Initializing. RAM available for dynamic allocation:[0m
[0;32mI (266) heap_init: At 3FFAE6E0 len 00001920 (6 KiB): DRAM[0m
[0;32mI (272) heap_init: At 3FFB4DE8 len 0002B218 (172 KiB): DRAM[0m
[0;32mI (278) heap_init: At 3FFE0440 len 00003AE0 (14 KiB): D/IRAM[0m
[0;32mI (284) heap_init: At 3FFE4350 len 0001BCB0 (111 KiB): D/IRAM[0m
[0;32mI (291) heap_init: At 4008E08C len 00011F74 (71 KiB): IRAM[0m
[0;32mI (299) spi_flash: detected chip: generic[0m
[0;32mI (302) spi_flash: flash io: dio[0m
[0;33mW (306) spi_flash: Detected size(4096k) larger than the size in the binary image header(2048k). Using the size in the binary image header.[0m
[0;33mW (319) i2c: This driver is an old driver, please migrate your application code to adapt `driver/i2c_master.h`[0m
[0;32mI (330) main_task: Started on CPU0[0m
[0;32mI (340) main_task: Calling app_main()[0m
[0;32mI (340) CAPTURE_IMAGE: Initializing thermal camera...[0m
[0;32mI (520) CAPTURE_IMAGE: Thermal camera initialized successfully.[0m
[0;32mI (520) CAPTURE_IMAGE: Camera frequency set to: 1[0m
[0;32mI (520) CAPTURE_IMAGE: Camera mode set to: Chess[0m
[0;32mI (1710) FMON2_MAIN: BMP image successfully created (1846 bytes).[0m
[0;32mI (1710) FMON2_MAIN: --- New Thermal Frame Captured ---[0m
 17  18  20  15  18  19  20  16  18  19  20  17  19  19  21  16  19  18  13  15   6  17   7  14   5  16   6   9   1   5   2   0 
 20  20  19  20  20  20  18  20  20  20  20  20  20  20  20  20  19  20  18  16  18  10  17   8  18   7  16   6   8   3   3   3 
 18  19  20  16  19  19  21  16  19  19  21  18  19  20  20  18  18  18  20  15  16  17  10  14   5  16   7  10   1   5   3   0 
 20  21  20  21  20  21  20  20  20  20  20  20  21  20  20  20  20  20  19  20  19  19  17  12  16   8  13   6   9   5   1   3 
 19  20  21  18  20  20  21  18  20  20  21  18  19  20  20  17  18  20  20  17  18  19  20  15  13  13  10   8   5   4   5   0 
 22  21  20  22  21  22  20  22  21  21  20  21  21  20  20  20  20  20  20  20  20  20  18  19  17  17  10  11   8   9   3   6 
 20  20  22  18  20  20  22  19  20  20  21  18  18  19  20  17  18  19  20  18  18  19  20  16  17  18  20  11  13   8  11   2 
 22  21  21  22  22  21  21  21  22  20  20  20  20  20  19  20  20  20  20  20  20  20  19  20  19  19  18  20  15  17   8  12 
 19  20  22  18  20  21  22  19  20  20  21  18  19  20  20  17  18  20  16  16  15  19  19  16  17  18  20  16  17  18  18  10 
 21  21  21  22  22  22  21  21  21  21  20  20  20  20  20  20  20  20  17  12  18  14  19  18  19  19  19  20  20  20  17  19 
 19  20  22  19  20  20  22  19  20  20  21  18  19  20  21  18  20  20  20  13  10  11  11  14  14  18  19  16  17  19  18  15 
 21  21  21  22  22  21  21  21  22  20  20  20  20  20  20  21  20  21  20  20  13  13  12  10  18  15  20  18  19  18  18  19 
 19  20  21  17  20  20  21  18  19  20  20  17  19  19  20  17  20  20  21  18  18  18  17  10  10  13  12  14  13  18  17  15 
 21  20  20  21  21  21  21  20  21  20  20  20  20  20  20  20  20  21  20  20  20  20  17  19  13  13  14  10  18  14  18  16 
 18  19  21  17  19  20  21  18  19  20  20  17  19  20  22  18  20  20  20  17  18  19  20  17  18  18  18  10   8  14  10  15 
 20  20  20  20  21  20  20  20  20  20  20  20  20  20  20  21  21  21  20  20  20  20  19  20  20  20  17  18  12  10  15  10 
 17  19  20  16  19  19  20  17  19  20  21  17  20  20  21  19  20  20  21  18  18  19  20  17  18  19  20  16  16  14  10   9 
 20  20  20  20  20  20  20  20  20  19  20  20  21  21  20  21  20  21  20  20  20  20  19  20  20  20  19  20  19  19  10  11 
 11  15  20  15  18  19  20  17  17  18  10  12  17  20  20  17  18  20  21  18  20  20  20  16  18  19  20  16  17  18  19  11 
 12  12  19  19  20  20  20  20  20  16   9   7  16  17  20  20  20  20  20  20  21  21  20  20  20  20  18  19  19  19  16  18 
  4   5  10  10  17  18  20  16  18  19  15   4   4   8  16  15  19  19  20  17  19  20  21  17  19  19  20  15  17  17  19  14 
  8   6   8   8  18  18  19  20  20  20  16  13   6   6  11  12  19  20  19  20  20  20  20  20  20  20  18  19  18  19  17  18 
  3   3   6   0   7  10  19  15  18  19  20  15  10   6   5   3   8  15  19  16  18  19  20  16  18  20  20  15  16  17  18  14 
  7   4   5   4   9   9  17  18  20  20  19  18  14  10   3   4   8   8  16  17  19  19  18  19  19  20  17  19  18  18  16  17 

assert failed: tlsf_free tlsf.c:1201 (!block_is_free(block) && "block already marked as free")


Backtrace: 0x4008194e:0x3ffb5ee0 0x40086801:0x3ffb5f00 0x4008ca51:0x3ffb5f20 0x4008b38a:0x3ffb6040 0x4008b210:0x3ffb6060 0x4008213e:0x3ffb6080 0x4008ca6d:0x3ffb60a0 0x400d62c4:0x3ffb60c0 0x400e84d8:0x3ffb60e0 0x400872a9:0x3ffb6110




ELF file SHA256: 50e2676b7

Rebooting...
ets Jul 29 2019 12:21:46

rst:0xc (SW_CPU_RESET),boot:0x13 (SPI_FAST_FLASH_BOOT)
configsip: 0, SPIWP:0xee
clk_drv:0x00,q_drv:0x00,d_drv:0x00,cs0_drv:0x00,hd_drv:0x00,wp_drv:0x00
mode:DIO, clock div:2
load:0x3fff0030,len:7176
load:0x40078000,len:15564
ho 0 tail 12 room 4
load:0x40080400,len:4
load:0x40080404,len:3904
entry 0x40080640
[0;32mI (31) boot: ESP-IDF v5.3.2 2nd stage bootloader[0m
[0;32mI (31) boot: compile time Jul 14 2025 13:57:44[0m
[0;32mI (31) boot: Multicore bootloader[0m
[0;32mI (35) boot: chip revision: v3.1[0m
[0;32mI (39) boot.esp32: SPI Speed      : 40MHz[0m
[0;32mI (44) boot.esp32: SPI Mode       : DIO[0m
[0;32mI (48) boot.esp32: SPI Flash Size : 2MB[0m
[0;32mI (53) boot: Enabling RNG early entropy source...[0m
[0;32mI (58) boot: Partition Table:[0m
[0;32mI (62) boot: ## Label            Usage          Type ST Offset   Length[0m
[0;32mI (69) boot:  0 nvs              WiFi data        01 02 00009000 00006000[0m
[0;32mI (77) boot:  1 phy_init         RF data          01 01 0000f000 00001000[0m
[0;32mI (84) boot:  2 factory          factory app      00 00 00010000 00100000[0m
[0;32mI (92) boot: End of partition table[0m
[0;32mI (96) esp_image: segment 0: paddr=00010020 vaddr=3f400020 size=0af70h ( 44912) map[0m
[0;32mI (120) esp_image: segment 1: paddr=0001af98 vaddr=3ffb0000 size=02394h (  9108) load[0m
[0;32mI (123) esp_image: segment 2: paddr=0001d334 vaddr=40080000 size=02ce4h ( 11492) load[0m
[0;32mI (130) esp_image: segment 3: paddr=00020020 vaddr=400d0020 size=18da8h (101800) map[0m
[0;32mI (169) esp_image: segment 4: paddr=00038dd0 vaddr=40082ce4 size=0b3a8h ( 45992) load[0m
[0;32mI (194) boot: Loaded app from partition at offset 0x10000[0m
[0;32mI (194) boot: Disabling RNG early entropy source...[0m
[0;32mI (207) cpu_start: Multicore app[0m
[0;32mI (215) cpu_start: Pro cpu start user code[0m
[0;32mI (215) cpu_start: cpu freq: 160000000 Hz[0m
[0;32mI (215) app_init: Application information:[0m
[0;32mI (218) app_init: Project name:     fmon2[0m
[0;32mI (223) app_init: App version:      fd99b97-dirty[0m
[0;32mI (228) app_init: Compile time:     Jul 14 2025 13:57:41[0m
[0;32mI (234) app_init: ELF file SHA256:  50e2676b7...[0m
[0;32mI (239) app_init: ESP-IDF:          v5.3.2[0m
[0;32mI (244) efuse_init: Min chip rev:     v0.0[0m
[0;32mI (249) efuse_init: Max chip rev:     v3.99 [0m
[0;32mI (254) efuse_init: Chip rev:         v3.1[0m
[0;32mI (259) heap_init: Initializing. RAM available for dynamic allocation:[0m
[0;32mI (266) heap_init: At 3FFAE6E0 len 00001920 (6 KiB): DRAM[0m
[0;32mI (272) heap_init: At 3FFB4DE8 len 0002B218 (172 KiB): DRAM[0m
[0;32mI (278) heap_init: At 3FFE0440 len 00003AE0 (14 KiB): D/IRAM[0m
[0;32mI (284) heap_init: At 3FFE4350 len 0001BCB0 (111 KiB): D/IRAM[0m
[0;32mI (291) heap_init: At 4008E08C len 00011F74 (71 KiB): IRAM[0m
[0;32mI (299) spi_flash: detected chip: generic[0m
[0;32mI (302) spi_flash: flash io: dio[0m
[0;33mW (306) spi_flash: Detected size(4096k) larger than the size in the binary image header(2048k). Using the size in the binary image header.[0m
[0;33mW (319) i2c: This driver is an old driver, please migrate your application code to adapt `driver/i2c_master.h`[0m
[0;32mI (330) main_task: Started on CPU0[0m
[0;32mI (340) main_task: Calling app_main()[0m
[0;32mI (340) CAPTURE_IMAGE: Initializing thermal camera...[0m
[0;32mI (520) CAPTURE_IMAGE: Thermal camera initialized successfully.[0m
[0;32mI (520) CAPTURE_IMAGE: Camera frequency set to: 1[0m
[0;32mI (520) CAPTURE_IMAGE: Camera mode set to: Chess[0m
[0;32mI (1710) FMON2_MAIN: BMP image successfully created (1846 bytes).[0m
[0;32mI (1710) FMON2_MAIN: --- New Thermal Frame Captured ---[0m
 16  20  20  12  17  21  20  14  18  22  21  15  18  21  20  14  17  20  19  12  16  20  19  12  15  18  14   5   5   9   4   0 
 20  20  16  20  21  20  17  20  20  20  17  20  21  20  17  20  20  19  15  19  19  18  15  19  18  18  13  17  10   8   0   5 
 16  22  20  13  18  21  20  14  18  21  20  15  18  22  22  16  18  21  19  13  17  20  19  13  16  20  18  12  11  12   5   0 
 21  20  17  21  21  20  17  20  21  20  18  20  21  20  19  20  20  20  16  20  19  18  15  19  18  18  14  18  16  10   0   5 
 18  23  21  15  19  23  21  16  19  22  20  16  20  22  21  16  18  22  20  15  18  20  19  13  16  20  18  12   9  10   4   0 
 22  22  18  22  22  22  19  22  21  21  19  22  22  20  18  20  20  20  18  20  20  20  16  19  19  19  13  14  10   8   1   5 
 19  23  22  16  20  23  22  17  20  23  22  17  19  22  20  16  18  21  20  15  19  22  20  15  17  20  19  10   9  10   7   0 
 22  22  20  22  22  22  20  22  23  22  19  21  21  20  18  20  20  20  17  20  21  20  17  20  20  20  15  20  15  14   5   9 
 19  23  23  17  20  23  22  17  20  23  21  17  19  21  20  15  18  21  20  15  19  22  20  14  17  20  20  15  17  20  18   9 
 22  21  20  22  23  22  20  22  22  22  19  21  21  21  18  20  20  20  17  19  19  18  16  20  20  20  16  20  20  20  15  19 
 19  23  22  17  20  23  22  17  20  23  22  17  20  22  21  17  19  22  20  13  10  14  16  13  17  21  20  15  17  21  19  13 
 21  21  19  22  23  21  20  22  22  21  19  21  21  20  18  20  21  20  19  20  15  13  10  14  18  19  17  20  20  19  15  20 
 19  22  22  16  20  23  22  17  20  22  20  15  19  21  20  16  19  22  21  17  19  20  16   8  10  16  18  14  16  20  19  13 
 22  21  18  20  22  22  20  21  22  20  18  20  20  20  18  20  20  21  19  21  21  20  16  18  14  12  12  16  19  18  15  19 
 18  22  20  15  19  23  21  16  19  22  20  15  18  21  20  16  20  23  21  16  18  21  20  15  17  20  15   9  10  17  18  12 
 22  20  18  21  21  21  18  20  21  20  18  20  20  20  18  21  21  22  19  20  20  20  17  20  20  20  15  18  13  11  11  17 
 18  21  20  14  19  21  20  15  19  22  21  16  19  22  22  18  20  23  21  16  18  21  20  15  18  21  20  14  16  18  10   7 
 21  20  18  21  21  20  18  20  20  20  18  20  21  21  19  21  21  21  19  21  20  20  17  20  20  20  17  20  20  19   9  10 
 13  19  20  13  18  21  20  14  19  21  16  11  18  21  20  16  18  21  21  16  19  22  20  15  18  21  20  14  17  20  18  10 
 14  14  15  20  21  20  17  20  21  20  10  10  17  18  18  20  20  20  18  21  22  21  18  20  20  20  16  19  20  19  14  19 
  5  10  12   7  17  20  20  14  19  21  16   5   5  10  17  13  18  21  20  15  19  22  21  16  19  21  20  14  16  20  19  12 
  9   7   6  10  19  19  17  20  21  20  15  14   8   6   9  14  20  20  17  20  21  20  18  20  20  20  15  19  19  19  14  19 
  3   7   7   0   8  12  20  13  19  21  20  14  10  10   5   1  10  17  20  14  17  21  20  14  19  22  20  13  16  20  18  12 
  9   5   1   4   9   9  13  19  20  20  16  19  17  11   1   5   9  10  13  18  20  20  15  20  20  20  16  19  19  18  13  18 

assert failed: tlsf_free tlsf.c:1201 (!block_is_free(block) && "block already marked as free")


Backtrace: 0x4008194e:0x3ffb5ee0 0x40086801:0x3ffb5f00 0x4008ca51:0x3ffb5f20 0x4008b38a:0x3ffb6040 0x4008b210:0x3ffb6060 0x4008213e:0x3ffb6080 0x4008ca6d:0x3ffb60a0 0x400d62c4:0x3ffb60c0 0x400e84d8:0x3ffb60e0 0x400872a9:0x3ffb6110




ELF file SHA256: 50e2676b7

Rebooting...
ets Jul 29 2019 12:21:46

rst:0xc (SW_CPU_RESET),boot:0x13 (SPI_FAST_FLASH_BOOT)
configsip: 0, SPIWP:0xee
clk_drv:0x00,q_drv:0x00,d_drv:0x00,cs0_drv:0x00,hd_drv:0x00,wp_drv:0x00
mode:DIO, clock div:2
load:0x3fff0030,len:7176
load:0x40078000,len:15564
ho 0 tail 12 room 4
load:0x40080400,len:4
load:0x40080404,len:3904
entry 0x40080640
[0;32mI (31) boot: ESP-IDF v5.3.2 2nd stage bootloader[0m
[0;32mI (31) boot: compile time Jul 14 2025 13:57:44[0m
[0;32mI (31) boot: Multicore bootloader[0m
[0;32mI (35) boot: chip revision: v3.1[0m
[0;32mI (39) boot.esp32: SPI Speed      : 40MHz[0m
[0;32mI (44) boot.esp32: SPI Mode       : DIO[0m
[0;32mI (48) boot.esp32: SPI Flash Size : 2MB[0m
[0;32mI (53) boot: Enabling RNG early entropy source...[0m
[0;32mI (58) boot: Partition Table:[0m
[0;32mI (62) boot: ## Label            Usage          Type ST Offset   Length[0m
[0;32mI (69) boot:  0 nvs              WiFi data        01 02 00009000 00006000[0m
[0;32mI (77) boot:  1 phy_init         RF data          01 01 0000f000 00001000[0m
[0;32mI (84) boot:  2 factory          factory app      00 00 00010000 00100000[0m
[0;32mI (92) boot: End of partition table[0m
[0;32mI (96) esp_image: segment 0: paddr=00010020 vaddr=3f400020 size=0af70h ( 44912) map[0m
[0;32mI (120) esp_image: segment 1: paddr=0001af98 vaddr=3ffb0000 size=02394h (  9108) load[0m
[0;32mI (123) esp_image: segment 2: paddr=0001d334 vaddr=40080000 size=02ce4h ( 11492) load[0m
[0;32mI (130) esp_image: segment 3: paddr=00020020 vaddr=400d0020 size=18da8h (101800) map[0m
[0;32mI (169) esp_image: segment 4: paddr=00038dd0 vaddr=40082ce4 size=0b3a8h ( 45992) load[0m
[0;32mI (194) boot: Loaded app from partition at offset 0x10000[0m
[0;32mI (194) boot: Disabling RNG early entropy source...[0m
[0;32mI (207) cpu_start: Multicore app[0m
[0;32mI (215) cpu_start: Pro cpu start user code[0m
[0;32mI (215) cpu_start: cpu freq: 160000000 Hz[0m
[0;32mI (215) app_init: Application information:[0m
[0;32mI (218) app_init: Project name:     fmon2[0m
[0;32mI (223) app_init: App version:      fd99b97-dirty[0m
[0;32mI (228) app_init: Compile time:     Jul 14 2025 13:57:41[0m
[0;32mI (234) app_init: ELF file SHA256:  50e2676b7...[0m
[0;32mI (239) app_init: ESP-IDF:          v5.3.2[0m
[0;32mI (244) efuse_init: Min chip rev:     v0.0[0m
[0;32mI (249) efuse_init: Max chip rev:     v3.99 [0m
[0;32mI (254) efuse_init: Chip rev:         v3.1[0m
[0;32mI (259) heap_init: Initializing. RAM available for dynamic allocation:[0m
[0;32mI (266) heap_init: At 3FFAE6E0 len 00001920 (6 KiB): DRAM[0m
[0;32mI (272) heap_init: At 3FFB4DE8 len 0002B218 (172 KiB): DRAM[0m
[0;32mI (278) heap_init: At 3FFE0440 len 00003AE0 (14 KiB): D/IRAM[0m
[0;32mI (284) heap_init: At 3FFE4350 len 0001BCB0 (111 KiB): D/IRAM[0m
[0;32mI (291) heap_init: At 4008E08C len 00011F74 (71 KiB): IRAM[0m
[0;32mI (299) spi_flash: detected chip: generic[0m
[0;32mI (302) spi_flash: flash io: dio[0m
[0;33mW (306) spi_flash: Detected size(4096k) larger than the size in the binary image header(2048k). Using the size in the binary image header.[0m
[0;33mW (319) i2c: This driver is an old driver, please migrate your application code to adapt `driver/i2c_master.h`[0m
[0;32mI (330) main_task: Started on CPU0[0m
[0;32mI (340) main_task: Calling app_main()[0m
[0;32mI (340) CAPTURE_IMAGE: Initializing thermal camera...[0m
[0;32mI (520) CAPTURE_IMAGE: Thermal camera initialized successfully.[0m
[0;32mI (520) CAPTURE_IMAGE: Camera frequency set to: 1[0m
[0;32mI (520) CAPTURE_IMAGE: Camera mode set to: Chess[0m
