ï¿½ï¿½ï¿½ï¿½[0m
[0;32mI (2ï¿½ets Jul 29 2019 12:21:46

rst:0x1 (POWERON_RESET),boot:0x13 (SPI_FAST_FLASH_BOOT)
configsip: 0, SPIWP:0xee
clk_drv:0x00,q_drv:0x00,d_drv:0x00,cs0_drv:0x00,hd_drv:0x00,wp_drv:0x00
mode:DIO, clock div:2
load:0x3fff0030,len:7176
load:0x40078000,len:15564
ho 0 tail 12 room 4
load:0x40080400,len:4
load:0x40080404,len:3904
entry 0x40080640
[0;32mI (31) boot: ESP-IDF v5.3.2 2nd stage bootloader[0m
[0;32mI (31) boot: compile time Jul 14 2025 13:57:44[0m
[0;32mI (31) boot: Multicore bootloader[0m
[0;32mI (35) boot: chip revision: v3.1[0m
[0;32mI (39) boot.esp32: SPI Speed      : 40MHz[0m
[0;32mI (44) boot.esp32: SPI Mode       : DIO[0m
[0;32mI (48) boot.esp32: SPI Flash Size : 2MB[0m
[0;32mI (53) boot: Enabling RNG early entropy source...[0m
[0;32mI (58) boot: Partition Table:[0m
[0;32mI (62) boot: ## Label            Usage          Type ST Offset   Length[0m
[0;32mI (69) boot:  0 nvs              WiFi data        01 02 00009000 00006000[0m
[0;32mI (77) boot:  1 phy_init         RF data          01 01 0000f000 00001000[0m
[0;32mI (84) boot:  2 factory          factory app      00 00 00010000 00100000[0m
[0;32mI (92) boot: End of partition table[0m
[0;32mI (96) esp_image: segment 0: paddr=00010020 vaddr=3f400020 size=0af70h ( 44912) map[0m
[0;32mI (120) esp_image: segment 1: paddr=0001af98 vaddr=3ffb0000 size=02394h (  9108) load[0m
[0;32mI (123) esp_image: segment 2: paddr=0001d334 vaddr=40080000 size=02ce4h ( 11492) load[0m
[0;32mI (130) esp_image: segment 3: paddr=00020020 vaddr=400d0020 size=18da8h (101800) map[0m
[0;32mI (169) esp_image: segment 4: paddr=00038dd0 vaddr=40082ce4 size=0b3a8h ( 45992) load[0m
[0;32mI (194) boot: Loaded app from partition at offset 0x10000[0m
[0;32mI (194) boot: Disabling RNG early entropy source...[0m
[0;32mI (207) cpu_start: Multicore app[0m
[0;32mI (215) cpu_start: Pro cpu start user code[0m
[0;32mI (215) cpu_start: cpu freq: 160000000 Hz[0m
[0;32mI (215) app_init: Application information:[0m
[0;32mI (218) app_init: Project name:     fmon2[0m
[0;32mI (223) app_init: App version:      fd99b97-dirty[0m
[0;32mI (228) app_init: Compile time:     Jul 14 2025 13:57:41[0m
[0;32mI (234) app_init: ELF file SHA256:  50e2676b7...[0m
[0;32mI (239) app_init: ESP-IDF:          v5.3.2[0m
[0;32mI (244) efuse_init: Min chip rev:     v0.0[0m
[0;32mI (249) efuse_init: Max chip rev:     v3.99 [0m
[0;32mI (254) efuse_init: Chip rev:         v3.1[0m
[0;32mI (259) heap_init: Initializing. RAM available for dynamic allocation:[0m
[0;32mI (266) heap_init: At 3FFAE6E0 len 00001920 (6 KiB): DRAM[0m
[0;32mI (272) heap_init: At 3FFB4DE8 len 0002B218 (172 KiB): DRAM[0m
[0;32mI (278) heap_init: At 3FFE0440 len 00003AE0 (14 KiB): D/IRAM[0m
[0;32mI (284) heap_init: At 3FFE4350 len 0001BCB0 (111 KiB): D/IRAM[0m
[0;32mI (291) heap_init: At 4008E08C len 00011F74 (71 KiB): IRAM[0m
[0;32mI (299) spi_flash: detected chip: generic[0m
[0;32mI (302) spi_flash: flash io: dio[0m
[0;33mW (306) spi_flash: Detected size(4096k) larger than the size in the binary image header(2048k). Using the size in the binary image header.[0m
[0;33mW (319) i2c: This driver is an old driver, please migrate your application code to adapt `driver/i2c_master.h`[0m
[0;32mI (330) main_task: Started on CPU0[0m
[0;32mI (340) main_task: Calling app_main()[0m
[0;32mI (340) CAPTURE_IMAGE: Initializing thermal camera...[0m
[0;32mI (520) CAPTURE_IMAGE: Thermal camera initialized successfully.[0m
[0;32mI (520) CAPTURE_IMAGE: Camera frequency set to: 1[0m
[0;32mI (520) CAPTURE_IMAGE: Camera mode set to: Chess[0m
[0;32mI (1510) FMON2_MAIN: BMP image successfully created (1846 bytes).[0m
[0;32mI (1510) FMON2_MAIN: --- New Thermal Frame Captured ---[0m
  0   0   1   0   0   0   1   0   0   0   2   0   0   0   2   0   0   0   1   0   0   0   2   1   1   0   3   1   0   0   1   0 
  0   0   0   0   0   1   0   0   0   0   0   0   0   1   0   0   0   1   0   0   0   1   1   1   0   2   1   2   0   1   0   1 
  0   0   1   0   0   0   1   0   0   0   1   0   0   0   2   0   0   0   2   0   0   0   3   1   1   1   2   1   1   0   1   0 
  0   1   0   1   0   1   0   0   0   1   0   1   0   1   0   1   0   2   0   1   0   2   1   2   1   2   1   1   1   2   0   1 
  1   0   1   0   0   0   1   0   0   0   1   0   0   0   1   0   0   0   1   0   0   0   3   1   1   1   3   1   0   0   1   0 
  0   2   0   0   0   2   0   1   0   1   1   1   0   1   0   0   0   1   0   1   0   1   1   1   1   2   1   3   2   2   0   1 
  1   0   2   0   0   0   1   0   0   0   2   0   0   0   1   0   1   0   2   0   0   0   2   0   1   1   3   1   1   1   3   1 
  2   2   0   1   0   0   0   0   0   0   0   0   0   1   0   1   0   1   0   1   0   1   1   2   1   3   2   2   2   2   1   2 
  1   0   2   0   0   0   1   0   1   0   2   0   0   0   2   0   1   0   2   0   1   0   2   0   2   1   2   1   1   1   2   0 
  1   2   1   1   0   1   0   0   1   2   0   1   0   1   0   1   0   1   0   0   0   0   1   2   2   2   1   2   1   3   1   2 
  2   0   2   0   0   0   2   0   0   0   1   0   0   0   1   0   0   0   1   0   0   0   2   1   2   1   3   1   1   1   2   1 
  1   2   1   1   0   1   0   0   0   1   0   0   0   1   0   0   0   0   0   0   0   2   1   2   2   2   1   2   2   2   1   2 
  1   0   2   0   0   0   1   0   0   0   1   0   1   0   1   0   1   0   2   0   1   0   2   1   2   1   2   1   1   1   2   1 
  2   2   1   0   0   0   0   0   0   1   0   0   0   1   0   1   2   2   1   1   1   2   1   2   2   3   1   2   1   2   1   1 
  1   0   2   0   0   0   1   0   0   0   2   0   0   0   1   0   2   2   2   0   1   0   2   1   2   1   3   1   2   1   2   0 
  1   2   1   1   0   0   0   0   0   0   0   0   0   1   0   0   2   2   0   0   1   1   0   2   1   2   2   2   1   2   0   2 
  1   0   2   0   0   0   1   0   0   0   0   0   0   0   2   1   2   1   1   0   1   0   2   1   2   1   3   2   1   0   2   1 
  2   2   1   1   0   0   0   0   1   0   0   0   0   0   1   1   1   2   0   0   1   1   1   1   1   3   1   3   1   3   1   2 
  2   0   3   0   1   0   1   0   0   0   1   0   1   0   2   0   0   0   2   0   0   0   2   1   2   1   3   1   2   1   3   1 
  2   2   1   1   1   1   0   0   0   0   0   0   1   1   1   0   0   1   0   0   0   0   0   1   1   2   1   2   1   2   0   1 
  2   0   3   0   1   0   2   0   0   0   0   0   1   0   1   0   0   0   1   0   0   0   2   0   2   0   2   0   1   0   1   0 
  1   2   0   1   2   1   0   0   0   0   0   0   0   0   0   0   0   0   0   0   0   0   0   1   1   2   0   1   1   2   0   1 
  3   0   3   0   1   0   1   0   0   0   0   0   0   0   1   0   0   0   0   0   0   0   1   0   1   0   2   0   1   0   1   0 
  3   2   1   0   1   0   0   0   0   0   0   0   0   0   0   0   0   0   0   0   0   0   0   0   1   2   0   0   0   1   0   0 

assert failed: tlsf_free tlsf.c:1201 (!block_is_free(block) && "block already marked as free")


Backtrace: 0x4008194e:0x3ffb5ee0 0x40086801:0x3ffb5f00 0x4008ca51:0x3ffb5f20 0x4008b38a:0x3ffb6040 0x4008b210:0x3ffb6060 0x4008213e:0x3ffb6080 0x4008ca6d:0x3ffb60a0 0x400d62c4:0x3ffb60c0 0x400e84d8:0x3ffb60e0 0x400872a9:0x3ffb6110




ELF file SHA256: 50e2676b7

Rebooting...
ets Jul 29 2019 12:21:46

rst:0xc (SW_CPU_RESET),boot:0x13 (SPI_FAST_FLASH_BOOT)
configsip: 0, SPIWP:0xee
clk_drv:0x00,q_drv:0x00,d_drv:0x00,cs0_drv:0x00,hd_drv:0x00,wp_drv:0x00
mode:DIO, clock div:2
load:0x3fff0030,len:7176
load:0x40078000,len:15564
ho 0 tail 12 room 4
load:0x40080400,len:4
load:0x40080404,len:3904
entry 0x40080640
[0;32mI (31) boot: ESP-IDF v5.3.2 2nd stage bootloader[0m
[0;32mI (31) boot: compile time Jul 14 2025 13:57:44[0m
[0;32mI (31) boot: Multicore bootloader[0m
[0;32mI (35) boot: chip revision: v3.1[0m
[0;32mI (39) boot.esp32: SPI Speed      : 40MHz[0m
[0;32mI (44) boot.esp32: SPI Mode       : DIO[0m
[0;32mI (48) boot.esp32: SPI Flash Size : 2MB[0m
[0;32mI (53) boot: Enabling RNG early entropy source...[0m
[0;32mI (58) boot: Partition Table:[0m
[0;32mI (62) boot: ## Label            Usage          Type ST Offset   Length[0m
[0;32mI (69) boot:  0 nvs              WiFi data        01 02 00009000 00006000[0m
[0;32mI (77) boot:  1 phy_init         RF data          01 01 0000f000 00001000[0m
[0;32mI (84) boot:  2 factory          factory app      00 00 00010000 00100000[0m
[0;32mI (92) boot: End of partition table[0m
[0;32mI (96) esp_image: segment 0: paddr=00010020 vaddr=3f400020 size=0af70h ( 44912) map[0m
[0;32mI (120) esp_image: segment 1: paddr=0001af98 vaddr=3ffb0000 size=02394h (  9108) load[0m
[0;32mI (123) esp_image: segment 2: paddr=0001d334 vaddr=40080000 size=02ce4h ( 11492) load[0m
[0;32mI (130) esp_image: segment 3: paddr=00020020 vaddr=400d0020 size=18da8h (101800) map[0m
[0;32mI (169) esp_image: segment 4: paddr=00038dd0 vaddr=40082ce4 size=0b3a8h ( 45992) load[0m
[0;32mI (194) boot: Loaded app from partition at offset 0x10000[0m
[0;32mI (194) boot: Disabling RNG early entropy source...[0m
[0;32mI (207) cpu_start: Multicore app[0m
[0;32mI (215) cpu_start: Pro cpu start user code[0m
[0;32mI (215) cpu_start: cpu freq: 160000000 Hz[0m
[0;32mI (215) app_init: Application information:[0m
[0;32mI (218) app_init: Project name:     fmon2[0m
[0;32mI (223) app_init: App version:      fd99b97-dirty[0m
[0;32mI (228) app_init: Compile time:     Jul 14 2025 13:57:41[0m
[0;32mI (234) app_init: ELF file SHA256:  50e2676b7...[0m
[0;32mI (239) app_init: ESP-IDF:          v5.3.2[0m
[0;32mI (244) efuse_init: Min chip rev:     v0.0[0m
[0;32mI (249) efuse_init: Max chip rev:     v3.99 [0m
[0;32mI (254) efuse_init: Chip rev:         v3.1[0m
[0;32mI (259) heap_init: Initializing. RAM available for dynamic allocation:[0m
[0;32mI (266) heap_init: At 3FFAE6E0 len 00001920 (6 KiB): DRAM[0m
[0;32mI (272) heap_init: At 3FFB4DE8 len 0002B218 (172 KiB): DRAM[0m
[0;32mI (278) heap_init: At 3FFE0440 len 00003AE0 (14 KiB): D/IRAM[0m
[0;32mI (284) heap_init: At 3FFE4350 len 0001BCB0 (111 KiB): D/IRAM[0m
[0;32mI (291) heap_init: At 4008E08C len 00011F74 (71 KiB): IRAM[0m
[0;32mI (299) spi_flash: detected chip: generic[0m
[0;32mI (302) spi_flash: flash io: dio[0m
[0;33mW (306) spi_flash: Detected size(4096k) larger than the size in the binary image header(2048k). Using the size in the binary image header.[0m
[0;33mW (319) i2c: This driver is an old driver, please migrate your application code to adapt `driver/i2c_master.h`[0m
[0;32mI (330) main_task: Started on CPU0[0m
[0;32mI (340) main_task: Calling app_main()[0m
[0;32mI (340) CAPTURE_IMAGE: Initializing thermal camera...[0m
[0;32mI (520) CAPTURE_IMAGE: Thermal camera initialized successfully.[0m
[0;32mI (520) CAPTURE_IMAGE: Camera frequency set to: 1[0m
[0;32mI (520) CAPTURE_IMAGE: Camera mode set to: Chess[0m
[0;32mI (1710) FMON2_MAIN: BMP image successfully created (1846 bytes).[0m
[0;32mI (1710) FMON2_MAIN: --- New Thermal Frame Captured ---[0m
  0   0   0   0   1   1   0   0   0   0   0   0   1   1   0   0   1   2   0   0   1   2   0   0   2   3   0   0   2   1   0   0 
  1   0   0   0   2   1   0   0   2   1   0   0   2   0   0   0   2   1   0   0   2   2   0   0   2   2   0   0   2   1   0   0 
  0   0   0   0   1   1   0   0   1   1   0   0   1   0   0   0   1   1   0   0   1   1   0   0   2   2   0   0   2   2   0   0 
  2   0   0   0   1   2   0   0   3   1   0   0   2   1   0   0   2   1   0   0   2   2   0   0   3   2   0   0   2   2   0   0 
  2   0   0   0   1   1   0   0   2   1   0   0   1   1   0   0   1   1   0   0   1   1   0   0   3   2   0   0   2   2   0   0 
  3   2   0   0   3   1   0   0   2   1   0   0   2   1   0   0   2   1   0   0   2   1   0   0   3   2   0   0   3   2   0   0 
  3   1   0   0   1   0   0   0   1   0   0   0   1   1   0   0   1   1   0   0   2   1   0   0   2   2   1   0   2   3   0   0 
  3   2   0   0   1   0   0   0   1   0   0   0   2   0   0   0   2   1   0   0   2   1   0   0   2   3   0   0   3   3   0   0 
  2   2   0   0   0   0   0   0   2   2   0   0   2   1   0   0   1   2   0   0   2   1   0   0   3   3   0   0   3   3   0   0 
  3   2   0   0   1   0   0   0   3   2   0   0   2   2   0   0   2   0   0   0   1   1   0   0   4   2   0   0   3   2   0   0 
  3   2   0   0   1   1   0   0   1   0   0   0   2   0   0   0   1   1   0   0   1   1   0   0   3   3   0   0   3   3   0   0 
  3   3   0   0   2   0   0   0   1   1   0   0   1   1   0   0   1   1   0   0   2   1   0   0   3   3   1   0   3   3   0   0 
  2   2   0   0   1   0   0   0   1   1   0   0   1   1   0   0   2   1   0   0   2   2   0   0   3   3   0   0   3   3   0   0 
  4   2   0   0   2   0   0   0   2   1   0   0   1   1   0   0   3   3   0   0   2   1   0   0   3   3   0   0   3   2   0   0 
  3   2   0   0   1   0   0   0   1   1   0   0   1   1   0   0   3   3   0   0   2   2   0   0   3   3   0   0   3   3   0   0 
  4   3   0   0   3   0   0   0   2   0   0   0   2   1   0   0   4   3   0   0   3   1   0   0   3   2   0   0   3   3   0   0 
  3   1   0   0   2   1   0   0   1   1   0   0   1   1   0   0   2   2   0   0   2   1   0   0   3   3   0   0   4   3   0   0 
  4   2   0   0   2   0   0   0   1   0   0   0   2   1   0   0   2   2   0   0   2   1   0   0   3   3   0   0   4   2   0   0 
  3   1   0   0   2   0   0   0   1   0   0   0   2   1   0   0   1   1   0   0   2   2   0   0   3   2   0   0   3   2   0   0 
  4   2   0   0   3   1   0   0   2   0   0   0   2   1   0   0   2   1   0   0   2   1   0   0   3   3   0   0   3   2   0   0 
  2   0   0   0   3   1   0   0   1   0   0   0   1   0   0   0   1   1   0   0   2   1   0   0   2   2   0   0   2   3   0   0 
  5   1   0   0   3   1   0   0   1   0   0   0   2   0   0   0   1   0   0   0   2   0   0   0   3   2   0   0   3   2   0   0 
  4   1   0   0   2   1   0   0   0   0   0   0   2   0   0   0   2   1   0   0   1   1   0   0   2   2   0   0   2   2   0   0 
  5   2   0   0   3   0   0   0   1   0   0   0   1   0   0   0   1   0   0   0   1   0   0   0   2   1   0   0   1   1   0   0 

assert failed: tlsf_free tlsf.c:1201 (!block_is_free(block) && "block already marked as free")


Backtrace: 0x4008194e:0x3ffb5ee0 0x40086801:0x3ffb5f00 0x4008ca51:0x3ffb5f20 0x4008b38a:0x3ffb6040 0x4008b210:0x3ffb6060 0x4008213e:0x3ffb6080 0x4008ca6d:0x3ffb60a0 0x400d62c4:0x3ffb60c0 0x400e84d8:0x3ffb60e0 0x400872a9:0x3ffb6110




ELF file SHA256: 50e2676b7

Rebooting...
ets Jul 29 2019 12:21:46

rst:0xc (SW_CPU_RESET),boot:0x13 (SPI_FAST_FLASH_BOOT)
configsip: 0, SPIWP:0xee
clk_drv:0x00,q_drv:0x00,d_drv:0x00,cs0_drv:0x00,hd_drv:0x00,wp_drv:0x00
mode:DIO, clock div:2
load:0x3fff0030,len:7176
load:0x40078000,len:15564
ho 0 tail 12 room 4
load:0x40080400,len:4
load:0x40080404,len:3904
entry 0x40080640
[0;32mI (31) boot: ESP-IDF v5.3.2 2nd stage bootloader[0m
[0;32mI (31) boot: compile time Jul 14 2025 13:57:44[0m
[0;32mI (31) boot: Multicore bootloader[0m
[0;32mI (35) boot: chip revision: v3.1[0m
[0;32mI (39) boot.esp32: SPI Speed      : 40MHz[0m
[0;32mI (44) boot.esp32: SPI Mode       : DIO[0m
[0;32mI (48) boot.esp32: SPI Flash Size : 2MB[0m
[0;32mI (53) boot: Enabling RNG early entropy source...[0m
[0;32mI (58) boot: Partition Table:[0m
[0;32mI (62) boot: ## Label            Usage          Type ST Offset   Length[0m
[0;32mI (69) boot:  0 nvs              WiFi data        01 02 00009000 00006000[0m
[0;32mI (77) boot:  1 phy_init         RF data          01 01 0000f000 00001000[0m
[0;32mI (84) boot:  2 factory          factory app      00 00 00010000 00100000[0m
[0;32mI (92) boot: End of partition table[0m
[0;32mI (96) esp_image: segment 0: paddr=00010020 vaddr=3f400020 size=0af70h ( 44912) map[0m
[0;32mI (120) esp_image: segment 1: paddr=0001af98 vaddr=3ffb0000 size=02394h (  9108) load[0m
[0;32mI (123) esp_image: segment 2: paddr=0001d334 vaddr=40080000 size=02ce4h ( 11492) load[0m
[0;32mI (130) esp_image: segment 3: paddr=00020020 vaddr=400d0020 size=18da8h (101800) map[0m
[0;32mI (169) esp_image: segment 4: paddr=00038dd0 vaddr=40082ce4 size=0b3a8h ( 45992) load[0m
[0;32mI (194) boot: Loaded app from partition at offset 0x10000[0m
[0;32mI (194) boot: Disabling RNG early entropy source...[0m
[0;32mI (207) cpu_start: Multicore app[0m
[0;32mI (215) cpu_start: Pro cpu start user code[0m
[0;32mI (215) cpu_start: cpu freq: 160000000 Hz[0m
[0;32mI (215) app_init: Application information:[0m
[0;32mI (218) app_init: Project name:     fmon2[0m
[0;32mI (223) app_init: App version:      fd99b97-dirty[0m
[0;32mI (228) app_init: Compile time:     Jul 14 2025 13:57:41[0m
[0;32mI (234) app_init: ELF file SHA256:  50e2676b7...[0m
[0;32mI (239) app_init: ESP-IDF:          v5.3.2[0m
[0;32mI (244) efuse_init: Min chip rev:     v0.0[0m
[0;32mI (249) efuse_init: Max chip rev:     v3.99 [0m
[0;32mI (254) efuse_init: Chip rev:         v3.1[0m
[0;32mI (259) heap_init: Initializing. RAM available for dynamic allocation:[0m
[0;32mI (266) heap_init: At 3FFAE6E0 len 00001920 (6 KiB): DRAM[0m
[0;32mI (272) heap_init: At 3FFB4DE8 len 0002B218 (172 KiB): DRAM[0m
[0;32mI (278) heap_init: At 3FFE0440 len 00003AE0 (14 KiB): D/IRAM[0m
[0;32mI (284) heap_init: At 3FFE4350 len 0001BCB0 (111 KiB): D/IRAM[0m
[0;32mI (291) heap_init: At 4008E08C len 00011F74 (71 KiB): IRAM[0m
[0;32mI (299) spi_flash: detected chip: generic[0m
[0;32mI (302) spi_flash: flash io: dio[0m
[0;33mW (306) spi_flash: Detected size(4096k) larger than the size in the binary image header(2048k). Using the size in the binary image header.[0m
[0;33mW (319) i2c: This driver is an old driver, please migrate your application code to adapt `driver/i2c_master.h`[0m
[0;32mI (330) main_task: Started on CPU0[0m
[0;32mI (340) main_task: Calling app_main()[0m
[0;32mI (340) CAPTURE_IMAGE: Initializing thermal camera...[0m
[0;32mI (520) CAPTURE_IMAGE: Thermal camera initialized successfully.[0m
[0;32mI (520) CAPTURE_IMAGE: Camera frequency set to: 1[0m
[0;32mI (520) CAPTURE_IMAGE: Camera mode set to: Chess[0m
[0;32mI (1710) FMON2_MAIN: BMP image successfully created (1846 bytes).[0m
[0;32mI (1710) FMON2_MAIN: --- New Thermal Frame Captured ---[0m
  0   0   0   0   0   0   0   0   0   0   0   0   1   0   0   0   0   0   0   0   1   0   0   0   1   0   0   0   0   0   0   0 
  0   0   0   0   0   0   0   0   1   1   0   0   0   1   0   0   1   1   0   0   0   1   0   0   1   2   0   0   1   1   0   0 
  0   0   0   0   0   0   0   0   0   0   0   0   1   0   0   0   0   0   0   0   1   0   0   0   1   0   0   0   1   0   0   0 
  1   0   0   0   0   0   0   0   1   1   0   0   1   0   0   0   1   0   0   0   1   1   0   0   2   2   0   0   1   1   0   0 
  1   0   0   0   1   0   0   0   1   0   0   0   1   0   0   0   0   0   0   0   1   0   0   0   2   0   0   0   2   0   0   0 
  2   1   0   0   1   1   0   0   1   1   0   0   1   0   0   0   1   0   0   0   1   1   0   0   1   2   0   0   2   1   0   0 
  1   0   0   0   0   0   0   0   0   0   0   0   0   0   0   0   1   0   0   0   1   0   0   0   1   0   1   0   2   1   0   0 
  2   1   0   0   0   0   0   0   1   0   0   0   1   0   0   0   0   0   0   0   1   0   0   0   2   1   0   0   2   2   0   0 
  2   0   0   0   0   0   0   0   1   0   0   0   1   0   0   0   1   0   0   0   1   0   0   0   2   1   0   0   2   1   0   0 
  3   2   0   0   0   0   0   0   2   1   0   0   2   1   0   0   1   0   0   0   0   0   0   0   2   2   0   0   2   1   0   0 
  2   0   0   0   0   0   0   0   0   0   0   0   0   0   0   0   1   0   0   0   1   0   0   0   2   1   1   0   2   1   0   0 
  2   1   0   0   1   0   0   0   0   0   0   0   0   0   0   0   0   0   0   0   1   0   0   0   2   2   1   0   2   1   0   0 
  2   0   0   0   0   0   0   0   0   0   0   0   0   0   0   0   1   0   0   0   2   0   0   0   2   1   1   0   3   1   0   0 
  2   1   0   0   0   0   0   0   0   0   0   0   0   0   0   0   2   1   0   0   2   1   0   0   2   2   0   0   2   2   0   0 
  1   0   0   0   1   0   0   0   0   0   0   0   0   0   0   0   2   1   0   0   2   0   0   0   3   1   0   0   2   1   0   0 
  2   1   0   0   1   0   0   0   0   0   0   0   0   0   0   0   2   2   0   0   2   1   0   0   2   2   0   0   2   2   0   0 
  2   0   1   0   1   0   0   0   0   0   0   0   0   0   0   0   1   1   0   0   1   0   0   0   2   1   1   0   2   0   0   0 
  2   1   0   0   1   0   0   0   1   0   0   0   0   1   0   0   1   2   0   0   1   1   0   0   2   2   0   0   2   2   0   0 
  2   0   0   0   1   0   0   0   0   0   0   0   1   0   0   0   1   0   0   0   1   0   0   0   2   0   1   0   2   0   0   0 
  3   1   0   0   2   1   0   0   0   0   0   0   1   1   0   0   1   1   0   0   1   0   0   0   2   2   0   0   2   2   0   0 
  3   0   0   0   2   0   0   0   1   0   0   0   1   0   0   0   1   0   0   0   0   0   0   0   1   0   0   0   2   0   0   0 
  3   0   0   0   3   0   0   0   0   0   0   0   0   0   0   0   0   0   0   0   0   0   0   0   2   1   0   0   1   1   0   0 
  3   0   0   0   1   0   0   0   0   0   0   0   0   0   0   0   0   0   0   0   0   0   0   0   2   0   0   0   1   0   0   0 
  4   1   0   0   2   0   0   0   0   0   0   0   0   0   0   0   0   0   0   0   0   0   0   0   1   1   0   0   1   0   0   0 

assert failed: tlsf_free tlsf.c:1201 (!block_is_free(block) && "block already marked as free")


Backtrace: 0x4008194e:0x3ffb5ee0 0x40086801:0x3ffb5f00 0x4008ca51:0x3ffb5f20 0x4008b38a:0x3ffb6040 0x4008b210:0x3ffb6060 0x4008213e:0x3ffb6080 0x4008ca6d:0x3ffb60a0 0x400d62c4:0x3ffb60c0 0x400e84d8:0x3ffb60e0 0x400872a9:0x3ffb6110




ELF file SHA256: 50e2676b7

Rebooting...
ets Jul 29 2019 12:21:46

rst:0xc (SW_CPU_RESET),boot:0x13 (SPI_FAST_FLASH_BOOT)
configsip: 0, SPIWP:0xee
clk_drv:0x00,q_drv:0x00,d_drv:0x00,cs0_drv:0x00,hd_drv:0x00,wp_drv:0x00
mode:DIO, clock div:2
load:0x3fff0030,len:7176
load:0x40078000,len:15564
ho 0 tail 12 room 4
load:0x40080400,len:4
load:0x40080404,len:3904
entry 0x40080640
[0;32mI (31) boot: ESP-IDF v5.3.2 2nd stage bootloader[0m
[0;32mI (31) boot: compile time Jul 14 2025 13:57:44[0m
[0;32mI (31) boot: Multicore bootloader[0m
[0;32mI (35) boot: chip revision: v3.1[0m
[0;32mI (39) boot.esp32: SPI Speed      : 40MHz[0m
[0;32mI (44) boot.esp32: SPI Mode       : DIO[0m
[0;32mI (48) boot.esp32: SPI Flash Size : 2MB[0m
[0;32mI (53) boot: Enabling RNG early entropy source...[0m
[0;32mI (58) boot: Partition Table:[0m
[0;32mI (62) boot: ## Label            Usage          Type ST Offset   Length[0m
[0;32mI (69) boot:  0 nvs              WiFi data        01 02 00009000 00006000[0m
[0;32mI (77) boot:  1 phy_init         RF data          01 01 0000f000 00001000[0m
[0;32mI (84) boot:  2 factory          factory app      00 00 00010000 00100000[0m
[0;32mI (92) boot: End of partition table[0m
[0;32mI (96) esp_image: segment 0: paddr=00010020 vaddr=3f400020 size=0af70h ( 44912) map[0m
[0;32mI (120) esp_image: segment 1: paddr=0001af98 vaddr=3ffb0000 size=02394h (  9108) load[0m
[0;32mI (123) esp_image: segment 2: paddr=0001d334 vaddr=40080000 size=02ce4h ( 11492) load[0m
[0;32mI (130) esp_image: segment 3: paddr=00020020 vaddr=400d0020 size=18da8h (101800) map[0m
[0;32mI (169) esp_image: segment 4: paddr=00038dd0 vaddr=40082ce4 size=0b3a8h ( 45992) load[0m
[0;32mI (194) boot: Loaded app from partition at offset 0x10000[0m
[0;32mI (194) boot: Disabling RNG early entropy source...[0m
[0;32mI (207) cpu_start: Multicore app[0m
[0;32mI (215) cpu_start: Pro cpu start user code[0m
[0;32mI (215) cpu_start: cpu freq: 160000000 Hz[0m
[0;32mI (215) app_init: Application information:[0m
[0;32mI (218) app_init: Project name:     fmon2[0m
[0;32mI (223) app_init: App version:      fd99b97-dirty[0m
[0;32mI (228) app_init: Compile time:     Jul 14 2025 13:57:41[0m
[0;32mI (234) app_init: ELF file SHA256:  50e2676b7...[0m
[0;32mI (239) app_init: ESP-IDF:          v5.3.2[0m
[0;32mI (244) efuse_init: Min chip rev:     v0.0[0m
[0;32mI (249) efuse_init: Max chip rev:     v3.99 [0m
[0;32mI (254) efuse_init: Chip rev:         v3.1[0m
[0;32mI (259) heap_init: Initializing. RAM available for dynamic allocation:[0m
[0;32mI (266) heap_init: At 3FFAE6E0 len 00001920 (6 KiB): DRAM[0m
[0;32mI (272) heap_init: At 3FFB4DE8 len 0002B218 (172 KiB): DRAM[0m
[0;32mI (278) heap_init: At 3FFE0440 len 00003AE0 (14 KiB): D/IRAM[0m
[0;32mI (284) heap_init: At 3FFE4350 len 0001BCB0 (111 KiB): D/IRAM[0m
[0;32mI (291) heap_init: At 4008E08C len 00011F74 (71 KiB): IRAM[0m
[0;32mI (299) spi_flash: detected chip: generic[0m
[0;32mI (302) spi_flash: flash io: dio[0m
[0;33mW (306) spi_flash: Detected size(4096k) larger than the size in the binary image header(2048k). Using the size in the binary image header.[0m
[0;33mW (319) i2c: This driver is an old driver, please migrate your application code to adapt `driver/i2c_master.h`[0m
[0;32mI (330) main_task: Started on CPU0[0m
[0;32mI (340) main_task: Calling app_main()[0m
